16:23:27 **** Build of project skiplprefetch_40skip_1kElem_bsp ****
make -k all 
"Running Make include in ps7_cortexa9_0/libsrc/coresightps_dcc_v1_3/src"
make -C ps7_cortexa9_0/libsrc/coresightps_dcc_v1_3/src -s include  "SHELL=CMD" "COMPILER=arm-none-eabi-gcc" "ARCHIVER=arm-none-eabi-ar" "COMPILER_FLAGS=  -O2 -c" "EXTRA_COMPILER_FLAGS=-mcpu=cortex-a9 -mfpu=vfpv3 -mfloat-abi=hard -nostartfiles"
"Running Make include in ps7_cortexa9_0/libsrc/cpu_cortexa9_v2_3/src"
make -C ps7_cortexa9_0/libsrc/cpu_cortexa9_v2_3/src -s include  "SHELL=CMD" "COMPILER=arm-none-eabi-gcc" "ARCHIVER=arm-none-eabi-ar" "COMPILER_FLAGS=  -O2 -c" "EXTRA_COMPILER_FLAGS=-mcpu=cortex-a9 -mfpu=vfpv3 -mfloat-abi=hard -nostartfiles"
"Running Make include in ps7_cortexa9_0/libsrc/ddrps_v1_0/src"
make -C ps7_cortexa9_0/libsrc/ddrps_v1_0/src -s include  "SHELL=CMD" "COMPILER=arm-none-eabi-gcc" "ARCHIVER=arm-none-eabi-ar" "COMPILER_FLAGS=  -O2 -c" "EXTRA_COMPILER_FLAGS=-mcpu=cortex-a9 -mfpu=vfpv3 -mfloat-abi=hard -nostartfiles"
"Running Make include in ps7_cortexa9_0/libsrc/devcfg_v3_4/src"
make -C ps7_cortexa9_0/libsrc/devcfg_v3_4/src -s include  "SHELL=CMD" "COMPILER=arm-none-eabi-gcc" "ARCHIVER=arm-none-eabi-ar" "COMPILER_FLAGS=  -O2 -c" "EXTRA_COMPILER_FLAGS=-mcpu=cortex-a9 -mfpu=vfpv3 -mfloat-abi=hard -nostartfiles"
"Running Make include in ps7_cortexa9_0/libsrc/dmaps_v2_2/src"
make -C ps7_cortexa9_0/libsrc/dmaps_v2_2/src -s include  "SHELL=CMD" "COMPILER=arm-none-eabi-gcc" "ARCHIVER=arm-none-eabi-ar" "COMPILER_FLAGS=  -O2 -c" "EXTRA_COMPILER_FLAGS=-mcpu=cortex-a9 -mfpu=vfpv3 -mfloat-abi=hard -nostartfiles"
"Running Make include in ps7_cortexa9_0/libsrc/emacps_v3_3/src"
make -C ps7_cortexa9_0/libsrc/emacps_v3_3/src -s include  "SHELL=CMD" "COMPILER=arm-none-eabi-gcc" "ARCHIVER=arm-none-eabi-ar" "COMPILER_FLAGS=  -O2 -c" "EXTRA_COMPILER_FLAGS=-mcpu=cortex-a9 -mfpu=vfpv3 -mfloat-abi=hard -nostartfiles"
"Running Make include in ps7_cortexa9_0/libsrc/gpiops_v3_1/src"
make -C ps7_cortexa9_0/libsrc/gpiops_v3_1/src -s include  "SHELL=CMD" "COMPILER=arm-none-eabi-gcc" "ARCHIVER=arm-none-eabi-ar" "COMPILER_FLAGS=  -O2 -c" "EXTRA_COMPILER_FLAGS=-mcpu=cortex-a9 -mfpu=vfpv3 -mfloat-abi=hard -nostartfiles"
"Running Make include in ps7_cortexa9_0/libsrc/qspips_v3_3/src"
make -C ps7_cortexa9_0/libsrc/qspips_v3_3/src -s include  "SHELL=CMD" "COMPILER=arm-none-eabi-gcc" "ARCHIVER=arm-none-eabi-ar" "COMPILER_FLAGS=  -O2 -c" "EXTRA_COMPILER_FLAGS=-mcpu=cortex-a9 -mfpu=vfpv3 -mfloat-abi=hard -nostartfiles"
"Running Make include in ps7_cortexa9_0/libsrc/scugic_v3_4/src"
make -C ps7_cortexa9_0/libsrc/scugic_v3_4/src -s include  "SHELL=CMD" "COMPILER=arm-none-eabi-gcc" "ARCHIVER=arm-none-eabi-ar" "COMPILER_FLAGS=  -O2 -c" "EXTRA_COMPILER_FLAGS=-mcpu=cortex-a9 -mfpu=vfpv3 -mfloat-abi=hard -nostartfiles"
"Running Make include in ps7_cortexa9_0/libsrc/scutimer_v2_1/src"
make -C ps7_cortexa9_0/libsrc/scutimer_v2_1/src -s include  "SHELL=CMD" "COMPILER=arm-none-eabi-gcc" "ARCHIVER=arm-none-eabi-ar" "COMPILER_FLAGS=  -O2 -c" "EXTRA_COMPILER_FLAGS=-mcpu=cortex-a9 -mfpu=vfpv3 -mfloat-abi=hard -nostartfiles"
"Running Make include in ps7_cortexa9_0/libsrc/scuwdt_v2_1/src"
make -C ps7_cortexa9_0/libsrc/scuwdt_v2_1/src -s include  "SHELL=CMD" "COMPILER=arm-none-eabi-gcc" "ARCHIVER=arm-none-eabi-ar" "COMPILER_FLAGS=  -O2 -c" "EXTRA_COMPILER_FLAGS=-mcpu=cortex-a9 -mfpu=vfpv3 -mfloat-abi=hard -nostartfiles"
"Running Make include in ps7_cortexa9_0/libsrc/sdps_v3_0/src"
make -C ps7_cortexa9_0/libsrc/sdps_v3_0/src -s include  "SHELL=CMD" "COMPILER=arm-none-eabi-gcc" "ARCHIVER=arm-none-eabi-ar" "COMPILER_FLAGS=  -O2 -c" "EXTRA_COMPILER_FLAGS=-mcpu=cortex-a9 -mfpu=vfpv3 -mfloat-abi=hard -nostartfiles"
"Running Make include in ps7_cortexa9_0/libsrc/skipprefetch_Nelem_v1_0/src"
make -C ps7_cortexa9_0/libsrc/skipprefetch_Nelem_v1_0/src -s include  "SHELL=CMD" "COMPILER=arm-none-eabi-gcc" "ARCHIVER=arm-none-eabi-ar" "COMPILER_FLAGS=  -O2 -c" "EXTRA_COMPILER_FLAGS=-mcpu=cortex-a9 -mfpu=vfpv3 -mfloat-abi=hard -nostartfiles"
"Running Make include in ps7_cortexa9_0/libsrc/standalone_v6_0/src"
make -C ps7_cortexa9_0/libsrc/standalone_v6_0/src -s include  "SHELL=CMD" "COMPILER=arm-none-eabi-gcc" "ARCHIVER=arm-none-eabi-ar" "COMPILER_FLAGS=  -O2 -c" "EXTRA_COMPILER_FLAGS=-mcpu=cortex-a9 -mfpu=vfpv3 -mfloat-abi=hard -nostartfiles"
"Running Make include in ps7_cortexa9_0/libsrc/uartps_v3_2/src"
make -C ps7_cortexa9_0/libsrc/uartps_v3_2/src -s include  "SHELL=CMD" "COMPILER=arm-none-eabi-gcc" "ARCHIVER=arm-none-eabi-ar" "COMPILER_FLAGS=  -O2 -c" "EXTRA_COMPILER_FLAGS=-mcpu=cortex-a9 -mfpu=vfpv3 -mfloat-abi=hard -nostartfiles"
"Running Make include in ps7_cortexa9_0/libsrc/usbps_v2_4/src"
make -C ps7_cortexa9_0/libsrc/usbps_v2_4/src -s include  "SHELL=CMD" "COMPILER=arm-none-eabi-gcc" "ARCHIVER=arm-none-eabi-ar" "COMPILER_FLAGS=  -O2 -c" "EXTRA_COMPILER_FLAGS=-mcpu=cortex-a9 -mfpu=vfpv3 -mfloat-abi=hard -nostartfiles"
"Running Make include in ps7_cortexa9_0/libsrc/xadcps_v2_2/src"
make -C ps7_cortexa9_0/libsrc/xadcps_v2_2/src -s include  "SHELL=CMD" "COMPILER=arm-none-eabi-gcc" "ARCHIVER=arm-none-eabi-ar" "COMPILER_FLAGS=  -O2 -c" "EXTRA_COMPILER_FLAGS=-mcpu=cortex-a9 -mfpu=vfpv3 -mfloat-abi=hard -nostartfiles"
"Running Make libs in ps7_cortexa9_0/libsrc/coresightps_dcc_v1_3/src"
make -C ps7_cortexa9_0/libsrc/coresightps_dcc_v1_3/src -s libs  "SHELL=CMD" "COMPILER=arm-none-eabi-gcc" "ARCHIVER=arm-none-eabi-ar" "COMPILER_FLAGS=  -O2 -c" "EXTRA_COMPILER_FLAGS=-mcpu=cortex-a9 -mfpu=vfpv3 -mfloat-abi=hard -nostartfiles"
"Compiling coresightps_dcc"
arm-none-eabi-ar: creating ../../../lib/libxil.a
"Running Make libs in ps7_cortexa9_0/libsrc/cpu_cortexa9_v2_3/src"
make -C ps7_cortexa9_0/libsrc/cpu_cortexa9_v2_3/src -s libs  "SHELL=CMD" "COMPILER=arm-none-eabi-gcc" "ARCHIVER=arm-none-eabi-ar" "COMPILER_FLAGS=  -O2 -c" "EXTRA_COMPILER_FLAGS=-mcpu=cortex-a9 -mfpu=vfpv3 -mfloat-abi=hard -nostartfiles"
"Compiling cpu_cortexa9"
"Running Make libs in ps7_cortexa9_0/libsrc/ddrps_v1_0/src"
make -C ps7_cortexa9_0/libsrc/ddrps_v1_0/src -s libs  "SHELL=CMD" "COMPILER=arm-none-eabi-gcc" "ARCHIVER=arm-none-eabi-ar" "COMPILER_FLAGS=  -O2 -c" "EXTRA_COMPILER_FLAGS=-mcpu=cortex-a9 -mfpu=vfpv3 -mfloat-abi=hard -nostartfiles"
"Compiling ddrps"
"Running Make libs in ps7_cortexa9_0/libsrc/devcfg_v3_4/src"
make -C ps7_cortexa9_0/libsrc/devcfg_v3_4/src -s libs  "SHELL=CMD" "COMPILER=arm-none-eabi-gcc" "ARCHIVER=arm-none-eabi-ar" "COMPILER_FLAGS=  -O2 -c" "EXTRA_COMPILER_FLAGS=-mcpu=cortex-a9 -mfpu=vfpv3 -mfloat-abi=hard -nostartfiles"
"Compiling devcfg"
"Running Make libs in ps7_cortexa9_0/libsrc/dmaps_v2_2/src"
make -C ps7_cortexa9_0/libsrc/dmaps_v2_2/src -s libs  "SHELL=CMD" "COMPILER=arm-none-eabi-gcc" "ARCHIVER=arm-none-eabi-ar" "COMPILER_FLAGS=  -O2 -c" "EXTRA_COMPILER_FLAGS=-mcpu=cortex-a9 -mfpu=vfpv3 -mfloat-abi=hard -nostartfiles"
"Compiling dmaps"
"Running Make libs in ps7_cortexa9_0/libsrc/emacps_v3_3/src"
make -C ps7_cortexa9_0/libsrc/emacps_v3_3/src -s libs  "SHELL=CMD" "COMPILER=arm-none-eabi-gcc" "ARCHIVER=arm-none-eabi-ar" "COMPILER_FLAGS=  -O2 -c" "EXTRA_COMPILER_FLAGS=-mcpu=cortex-a9 -mfpu=vfpv3 -mfloat-abi=hard -nostartfiles"
"Compiling emacps"
"Running Make libs in ps7_cortexa9_0/libsrc/gpiops_v3_1/src"
make -C ps7_cortexa9_0/libsrc/gpiops_v3_1/src -s libs  "SHELL=CMD" "COMPILER=arm-none-eabi-gcc" "ARCHIVER=arm-none-eabi-ar" "COMPILER_FLAGS=  -O2 -c" "EXTRA_COMPILER_FLAGS=-mcpu=cortex-a9 -mfpu=vfpv3 -mfloat-abi=hard -nostartfiles"
"Compiling gpiops"
"Running Make libs in ps7_cortexa9_0/libsrc/qspips_v3_3/src"
make -C ps7_cortexa9_0/libsrc/qspips_v3_3/src -s libs  "SHELL=CMD" "COMPILER=arm-none-eabi-gcc" "ARCHIVER=arm-none-eabi-ar" "COMPILER_FLAGS=  -O2 -c" "EXTRA_COMPILER_FLAGS=-mcpu=cortex-a9 -mfpu=vfpv3 -mfloat-abi=hard -nostartfiles"
"Compiling qspips"
"Running Make libs in ps7_cortexa9_0/libsrc/scugic_v3_4/src"
make -C ps7_cortexa9_0/libsrc/scugic_v3_4/src -s libs  "SHELL=CMD" "COMPILER=arm-none-eabi-gcc" "ARCHIVER=arm-none-eabi-ar" "COMPILER_FLAGS=  -O2 -c" "EXTRA_COMPILER_FLAGS=-mcpu=cortex-a9 -mfpu=vfpv3 -mfloat-abi=hard -nostartfiles"
"Compiling scugic"
"Running Make libs in ps7_cortexa9_0/libsrc/scutimer_v2_1/src"
make -C ps7_cortexa9_0/libsrc/scutimer_v2_1/src -s libs  "SHELL=CMD" "COMPILER=arm-none-eabi-gcc" "ARCHIVER=arm-none-eabi-ar" "COMPILER_FLAGS=  -O2 -c" "EXTRA_COMPILER_FLAGS=-mcpu=cortex-a9 -mfpu=vfpv3 -mfloat-abi=hard -nostartfiles"
"Compiling scutimer"
"Running Make libs in ps7_cortexa9_0/libsrc/scuwdt_v2_1/src"
make -C ps7_cortexa9_0/libsrc/scuwdt_v2_1/src -s libs  "SHELL=CMD" "COMPILER=arm-none-eabi-gcc" "ARCHIVER=arm-none-eabi-ar" "COMPILER_FLAGS=  -O2 -c" "EXTRA_COMPILER_FLAGS=-mcpu=cortex-a9 -mfpu=vfpv3 -mfloat-abi=hard -nostartfiles"
"Compiling scuwdt"
"Running Make libs in ps7_cortexa9_0/libsrc/sdps_v3_0/src"
make -C ps7_cortexa9_0/libsrc/sdps_v3_0/src -s libs  "SHELL=CMD" "COMPILER=arm-none-eabi-gcc" "ARCHIVER=arm-none-eabi-ar" "COMPILER_FLAGS=  -O2 -c" "EXTRA_COMPILER_FLAGS=-mcpu=cortex-a9 -mfpu=vfpv3 -mfloat-abi=hard -nostartfiles"
"Compiling sdps"
"Running Make libs in ps7_cortexa9_0/libsrc/skipprefetch_Nelem_v1_0/src"
make -C ps7_cortexa9_0/libsrc/skipprefetch_Nelem_v1_0/src -s libs  "SHELL=CMD" "COMPILER=arm-none-eabi-gcc" "ARCHIVER=arm-none-eabi-ar" "COMPILER_FLAGS=  -O2 -c" "EXTRA_COMPILER_FLAGS=-mcpu=cortex-a9 -mfpu=vfpv3 -mfloat-abi=hard -nostartfiles"
"Compiling skipprefetch_Nelem"
"Running Make libs in ps7_cortexa9_0/libsrc/standalone_v6_0/src"
make -C ps7_cortexa9_0/libsrc/standalone_v6_0/src -s libs  "SHELL=CMD" "COMPILER=arm-none-eabi-gcc" "ARCHIVER=arm-none-eabi-ar" "COMPILER_FLAGS=  -O2 -c" "EXTRA_COMPILER_FLAGS=-mcpu=cortex-a9 -mfpu=vfpv3 -mfloat-abi=hard -nostartfiles"
"Compiling standalone"
"Running Make libs in ps7_cortexa9_0/libsrc/uartps_v3_2/src"
make -C ps7_cortexa9_0/libsrc/uartps_v3_2/src -s libs  "SHELL=CMD" "COMPILER=arm-none-eabi-gcc" "ARCHIVER=arm-none-eabi-ar" "COMPILER_FLAGS=  -O2 -c" "EXTRA_COMPILER_FLAGS=-mcpu=cortex-a9 -mfpu=vfpv3 -mfloat-abi=hard -nostartfiles"
"Compiling uartps"
"Running Make libs in ps7_cortexa9_0/libsrc/usbps_v2_4/src"
make -C ps7_cortexa9_0/libsrc/usbps_v2_4/src -s libs  "SHELL=CMD" "COMPILER=arm-none-eabi-gcc" "ARCHIVER=arm-none-eabi-ar" "COMPILER_FLAGS=  -O2 -c" "EXTRA_COMPILER_FLAGS=-mcpu=cortex-a9 -mfpu=vfpv3 -mfloat-abi=hard -nostartfiles"
"Compiling usbps"
"Running Make libs in ps7_cortexa9_0/libsrc/xadcps_v2_2/src"
make -C ps7_cortexa9_0/libsrc/xadcps_v2_2/src -s libs  "SHELL=CMD" "COMPILER=arm-none-eabi-gcc" "ARCHIVER=arm-none-eabi-ar" "COMPILER_FLAGS=  -O2 -c" "EXTRA_COMPILER_FLAGS=-mcpu=cortex-a9 -mfpu=vfpv3 -mfloat-abi=hard -nostartfiles"
"Compiling xadcps"
'Finished building libraries'
16:24:00 **** Build of configuration Debug for project skiplprefetch_40skip_1kElem ****
make pre-build main-build 
a9-linaro-pre-build-step
' '
'Building file: ../src/helloworld.c'
'Invoking: ARM v7 gcc compiler'
arm-none-eabi-gcc -Wall -O0 -g3 -c -fmessage-length=0 -MT"src/helloworld.o" -mcpu=cortex-a9 -mfpu=vfpv3 -mfloat-abi=hard -I../../skiplprefetch_40skip_1kElem_bsp/ps7_cortexa9_0/include -MMD -MP -MF"src/helloworld.d" -MT"src/helloworld.o" -o "src/helloworld.o" "../src/helloworld.c"
../src/helloworld.c: In function 'main':
../src/helloworld.c:142:16: warning: unused variable 'dummy_node' [-Wunused-variable]
   struct node *dummy_node = (struct node *)malloc(5*sizeof(struct node));
                ^
../src/helloworld.c:195:6: warning: unused variable 'sum' [-Wunused-variable]
  int sum = 0;
      ^
'Finished building: ../src/helloworld.c'
' '
'Building file: ../src/platform.c'
'Invoking: ARM v7 gcc compiler'
arm-none-eabi-gcc -Wall -O0 -g3 -c -fmessage-length=0 -MT"src/platform.o" -mcpu=cortex-a9 -mfpu=vfpv3 -mfloat-abi=hard -I../../skiplprefetch_40skip_1kElem_bsp/ps7_cortexa9_0/include -MMD -MP -MF"src/platform.d" -MT"src/platform.o" -o "src/platform.o" "../src/platform.c"
'Finished building: ../src/platform.c'
' '
'Building target: skiplprefetch_40skip_1kElem.elf'
'Invoking: ARM v7 gcc linker'
arm-none-eabi-gcc -mcpu=cortex-a9 -mfpu=vfpv3 -mfloat-abi=hard -Wl,-build-id=none -specs=Xilinx.spec -Wl,-T -Wl,../src/lscript.ld -L../../skiplprefetch_40skip_1kElem_bsp/ps7_cortexa9_0/lib -o "skiplprefetch_40skip_1kElem.elf"  ./src/helloworld.o ./src/platform.o   -Wl,--start-group,-lxil,-lgcc,-lc,--end-group
'Finished building target: skiplprefetch_40skip_1kElem.elf'
' '
'Invoking: ARM v7 Print Size'
arm-none-eabi-size skiplprefetch_40skip_1kElem.elf  |tee "skiplprefetch_40skip_1kElem.elf.size"
   text	   data	    bss	    dec	    hex	filename
  82268	   2596	  23344	 108208	  1a6b0	skiplprefetch_40skip_1kElem.elf
'Finished building: skiplprefetch_40skip_1kElem.elf.size'
' '
16:24:03 **** Auto Build of configuration Debug for project skiplprefetch_40skip_1kElem ****
make pre-build main-build 
a9-linaro-pre-build-step
' '
make: Nothing to be done for `main-build'.
16:24:30 **** Clean-only build of configuration Debug for project skiplprefetch_40skip_1kElem ****
make clean 
rm -rf  ./src/helloworld.o ./src/platform.o  ./src/helloworld.d ./src/platform.d  skiplprefetch_40skip_1kElem.elf.size  skiplprefetch_40skip_1kElem.elf
' '
16:24:30 **** Auto Build of configuration Debug for project skiplprefetch_40skip_1kElem ****
make pre-build main-build 
a9-linaro-pre-build-step
' '
'Building file: ../src/helloworld.c'
'Invoking: ARM v7 gcc compiler'
arm-none-eabi-gcc -Wall -O0 -g3 -c -fmessage-length=0 -MT"src/helloworld.o" -mcpu=cortex-a9 -mfpu=vfpv3 -mfloat-abi=hard -I../../skiplprefetch_40skip_1kElem_bsp/ps7_cortexa9_0/include -MMD -MP -MF"src/helloworld.d" -MT"src/helloworld.o" -o "src/helloworld.o" "../src/helloworld.c"
../src/helloworld.c: In function 'main':
../src/helloworld.c:142:16: warning: unused variable 'dummy_node' [-Wunused-variable]
   struct node *dummy_node = (struct node *)malloc(5*sizeof(struct node));
                ^
../src/helloworld.c:195:6: warning: unused variable 'sum' [-Wunused-variable]
  int sum = 0;
      ^
'Finished building: ../src/helloworld.c'
' '
'Building file: ../src/platform.c'
'Invoking: ARM v7 gcc compiler'
arm-none-eabi-gcc -Wall -O0 -g3 -c -fmessage-length=0 -MT"src/platform.o" -mcpu=cortex-a9 -mfpu=vfpv3 -mfloat-abi=hard -I../../skiplprefetch_40skip_1kElem_bsp/ps7_cortexa9_0/include -MMD -MP -MF"src/platform.d" -MT"src/platform.o" -o "src/platform.o" "../src/platform.c"
'Finished building: ../src/platform.c'
' '
'Building target: skiplprefetch_40skip_1kElem.elf'
'Invoking: ARM v7 gcc linker'
arm-none-eabi-gcc -mcpu=cortex-a9 -mfpu=vfpv3 -mfloat-abi=hard -Wl,-build-id=none -specs=Xilinx.spec -Wl,-T -Wl,../src/lscript.ld -L../../skiplprefetch_40skip_1kElem_bsp/ps7_cortexa9_0/lib -o "skiplprefetch_40skip_1kElem.elf"  ./src/helloworld.o ./src/platform.o   -Wl,--start-group,-lxil,-lgcc,-lc,--end-group
'Finished building target: skiplprefetch_40skip_1kElem.elf'
' '
'Invoking: ARM v7 Print Size'
arm-none-eabi-size skiplprefetch_40skip_1kElem.elf  |tee "skiplprefetch_40skip_1kElem.elf.size"
   text	   data	    bss	    dec	    hex	filename
  82268	   2596	20978480	21063344	14166b0	skiplprefetch_40skip_1kElem.elf
'Finished building: skiplprefetch_40skip_1kElem.elf.size'
' '
16:25:40 **** Auto Build of configuration Debug for project skiplprefetch_40skip_1kElem ****
make pre-build main-build 
a9-linaro-pre-build-step
' '
'Building file: ../src/helloworld.c'
'Invoking: ARM v7 gcc compiler'
arm-none-eabi-gcc -Wall -O0 -g3 -c -fmessage-length=0 -MT"src/helloworld.o" -mcpu=cortex-a9 -mfpu=vfpv3 -mfloat-abi=hard -I../../skiplprefetch_40skip_1kElem_bsp/ps7_cortexa9_0/include -MMD -MP -MF"src/helloworld.d" -MT"src/helloworld.o" -o "src/helloworld.o" "../src/helloworld.c"
../src/helloworld.c: In function 'main':
../src/helloworld.c:142:16: warning: unused variable 'dummy_node' [-Wunused-variable]
   struct node *dummy_node = (struct node *)malloc(5*sizeof(struct node));
                ^
../src/helloworld.c:195:6: warning: unused variable 'sum' [-Wunused-variable]
  int sum = 0;
      ^
'Finished building: ../src/helloworld.c'
' '
'Building target: skiplprefetch_40skip_1kElem.elf'
'Invoking: ARM v7 gcc linker'
arm-none-eabi-gcc -mcpu=cortex-a9 -mfpu=vfpv3 -mfloat-abi=hard -Wl,-build-id=none -specs=Xilinx.spec -Wl,-T -Wl,../src/lscript.ld -L../../skiplprefetch_40skip_1kElem_bsp/ps7_cortexa9_0/lib -o "skiplprefetch_40skip_1kElem.elf"  ./src/helloworld.o ./src/platform.o   -Wl,--start-group,-lxil,-lgcc,-lc,--end-group
'Finished building target: skiplprefetch_40skip_1kElem.elf'
' '
'Invoking: ARM v7 Print Size'
arm-none-eabi-size skiplprefetch_40skip_1kElem.elf  |tee "skiplprefetch_40skip_1kElem.elf.size"
   text	   data	    bss	    dec	    hex	filename
  82364	   2596	20978480	21063440	1416710	skiplprefetch_40skip_1kElem.elf
'Finished building: skiplprefetch_40skip_1kElem.elf.size'
' '
16:25:46 **** Auto Build of configuration Debug for project skiplprefetch_40skip_1kElem ****
make pre-build main-build 
a9-linaro-pre-build-step
' '
'Building file: ../src/helloworld.c'
'Invoking: ARM v7 gcc compiler'
arm-none-eabi-gcc -Wall -O0 -g3 -c -fmessage-length=0 -MT"src/helloworld.o" -mcpu=cortex-a9 -mfpu=vfpv3 -mfloat-abi=hard -I../../skiplprefetch_40skip_1kElem_bsp/ps7_cortexa9_0/include -MMD -MP -MF"src/helloworld.d" -MT"src/helloworld.o" -o "src/helloworld.o" "../src/helloworld.c"
../src/helloworld.c: In function 'main':
../src/helloworld.c:142:16: warning: unused variable 'dummy_node' [-Wunused-variable]
   struct node *dummy_node = (struct node *)malloc(5*sizeof(struct node));
                ^
../src/helloworld.c:195:6: warning: unused variable 'sum' [-Wunused-variable]
  int sum = 0;
      ^
'Finished building: ../src/helloworld.c'
' '
'Building target: skiplprefetch_40skip_1kElem.elf'
'Invoking: ARM v7 gcc linker'
arm-none-eabi-gcc -mcpu=cortex-a9 -mfpu=vfpv3 -mfloat-abi=hard -Wl,-build-id=none -specs=Xilinx.spec -Wl,-T -Wl,../src/lscript.ld -L../../skiplprefetch_40skip_1kElem_bsp/ps7_cortexa9_0/lib -o "skiplprefetch_40skip_1kElem.elf"  ./src/helloworld.o ./src/platform.o   -Wl,--start-group,-lxil,-lgcc,-lc,--end-group
'Finished building target: skiplprefetch_40skip_1kElem.elf'
' '
'Invoking: ARM v7 Print Size'
arm-none-eabi-size skiplprefetch_40skip_1kElem.elf  |tee "skiplprefetch_40skip_1kElem.elf.size"
   text	   data	    bss	    dec	    hex	filename
  82292	   2596	20978480	21063368	14166c8	skiplprefetch_40skip_1kElem.elf
'Finished building: skiplprefetch_40skip_1kElem.elf.size'
' '
16:26:26 **** Incremental Build of configuration Debug for project skiplprefetch_40skip_1kElem ****
make pre-build main-build 
a9-linaro-pre-build-step
' '
make: Nothing to be done for `main-build'.
16:26:53 **** Incremental Build of configuration Debug for project skiplprefetch_40skip_1kElem ****
make pre-build main-build 
a9-linaro-pre-build-step
' '
make: Nothing to be done for `main-build'.
16:27:13 **** Auto Build of configuration Debug for project skiplprefetch_40skip_1kElem ****
make pre-build main-build 
a9-linaro-pre-build-step
' '
'Building file: ../src/helloworld.c'
'Invoking: ARM v7 gcc compiler'
arm-none-eabi-gcc -Wall -O0 -g3 -c -fmessage-length=0 -MT"src/helloworld.o" -mcpu=cortex-a9 -mfpu=vfpv3 -mfloat-abi=hard -I../../skiplprefetch_40skip_1kElem_bsp/ps7_cortexa9_0/include -MMD -MP -MF"src/helloworld.d" -MT"src/helloworld.o" -o "src/helloworld.o" "../src/helloworld.c"
../src/helloworld.c: In function 'main':
../src/helloworld.c:142:16: warning: unused variable 'dummy_node' [-Wunused-variable]
   struct node *dummy_node = (struct node *)malloc(5*sizeof(struct node));
                ^
../src/helloworld.c:195:6: warning: unused variable 'sum' [-Wunused-variable]
  int sum = 0;
      ^
'Finished building: ../src/helloworld.c'
' '
'Building target: skiplprefetch_40skip_1kElem.elf'
'Invoking: ARM v7 gcc linker'
arm-none-eabi-gcc -mcpu=cortex-a9 -mfpu=vfpv3 -mfloat-abi=hard -Wl,-build-id=none -specs=Xilinx.spec -Wl,-T -Wl,../src/lscript.ld -L../../skiplprefetch_40skip_1kElem_bsp/ps7_cortexa9_0/lib -o "skiplprefetch_40skip_1kElem.elf"  ./src/helloworld.o ./src/platform.o   -Wl,--start-group,-lxil,-lgcc,-lc,--end-group
'Finished building target: skiplprefetch_40skip_1kElem.elf'
' '
'Invoking: ARM v7 Print Size'
arm-none-eabi-size skiplprefetch_40skip_1kElem.elf  |tee "skiplprefetch_40skip_1kElem.elf.size"
   text	   data	    bss	    dec	    hex	filename
  82364	   2596	20978480	21063440	1416710	skiplprefetch_40skip_1kElem.elf
'Finished building: skiplprefetch_40skip_1kElem.elf.size'
' '
16:27:22 **** Auto Build of configuration Debug for project skiplprefetch_40skip_1kElem ****
make pre-build main-build 
a9-linaro-pre-build-step
' '
'Building file: ../src/helloworld.c'
'Invoking: ARM v7 gcc compiler'
arm-none-eabi-gcc -Wall -O0 -g3 -c -fmessage-length=0 -MT"src/helloworld.o" -mcpu=cortex-a9 -mfpu=vfpv3 -mfloat-abi=hard -I../../skiplprefetch_40skip_1kElem_bsp/ps7_cortexa9_0/include -MMD -MP -MF"src/helloworld.d" -MT"src/helloworld.o" -o "src/helloworld.o" "../src/helloworld.c"
../src/helloworld.c: In function 'main':
../src/helloworld.c:142:16: warning: unused variable 'dummy_node' [-Wunused-variable]
   struct node *dummy_node = (struct node *)malloc(5*sizeof(struct node));
                ^
../src/helloworld.c:195:6: warning: unused variable 'sum' [-Wunused-variable]
  int sum = 0;
      ^
'Finished building: ../src/helloworld.c'
' '
'Building target: skiplprefetch_40skip_1kElem.elf'
'Invoking: ARM v7 gcc linker'
arm-none-eabi-gcc -mcpu=cortex-a9 -mfpu=vfpv3 -mfloat-abi=hard -Wl,-build-id=none -specs=Xilinx.spec -Wl,-T -Wl,../src/lscript.ld -L../../skiplprefetch_40skip_1kElem_bsp/ps7_cortexa9_0/lib -o "skiplprefetch_40skip_1kElem.elf"  ./src/helloworld.o ./src/platform.o   -Wl,--start-group,-lxil,-lgcc,-lc,--end-group
'Finished building target: skiplprefetch_40skip_1kElem.elf'
' '
'Invoking: ARM v7 Print Size'
arm-none-eabi-size skiplprefetch_40skip_1kElem.elf  |tee "skiplprefetch_40skip_1kElem.elf.size"
   text	   data	    bss	    dec	    hex	filename
  82268	   2596	20978480	21063344	14166b0	skiplprefetch_40skip_1kElem.elf
'Finished building: skiplprefetch_40skip_1kElem.elf.size'
' '
16:27:25 **** Incremental Build of configuration Debug for project skiplprefetch_40skip_1kElem ****
make pre-build main-build 
a9-linaro-pre-build-step
' '
make: Nothing to be done for `main-build'.
16:27:30 **** Incremental Build of configuration Debug for project skiplprefetch_40skip_1kElem ****
make pre-build main-build 
a9-linaro-pre-build-step
' '
make: Nothing to be done for `main-build'.
16:27:35 **** Incremental Build of configuration Debug for project skiplprefetch_40skip_1kElem ****
make pre-build main-build 
a9-linaro-pre-build-step
' '
make: Nothing to be done for `main-build'.
16:28:30 **** Auto Build of configuration Debug for project skiplprefetch_40skip_1kElem ****
make pre-build main-build 
a9-linaro-pre-build-step
' '
'Building file: ../src/helloworld.c'
'Invoking: ARM v7 gcc compiler'
arm-none-eabi-gcc -Wall -O0 -g3 -c -fmessage-length=0 -MT"src/helloworld.o" -mcpu=cortex-a9 -mfpu=vfpv3 -mfloat-abi=hard -I../../skiplprefetch_40skip_1kElem_bsp/ps7_cortexa9_0/include -MMD -MP -MF"src/helloworld.d" -MT"src/helloworld.o" -o "src/helloworld.o" "../src/helloworld.c"
../src/helloworld.c: In function 'main':
../src/helloworld.c:142:16: warning: unused variable 'dummy_node' [-Wunused-variable]
   struct node *dummy_node = (struct node *)malloc(5*sizeof(struct node));
                ^
../src/helloworld.c:218:6: error: expected '(' before 'XSkipprefetch_nelem_Set_a'
      XSkipprefetch_nelem_Set_a(&copiaMem,(u32)(old_temp1));
      ^
../src/helloworld.c:216:10: warning: unused variable 'count' [-Wunused-variable]
      int count = n/prefetch_intr;
          ^
../src/helloworld.c:195:6: warning: unused variable 'sum' [-Wunused-variable]
  int sum = 0;
      ^
make: *** [src/helloworld.o] Error 1
16:29:00 **** Auto Build of configuration Debug for project skiplprefetch_40skip_1kElem ****
make pre-build main-build 
a9-linaro-pre-build-step
' '
'Building file: ../src/helloworld.c'
'Invoking: ARM v7 gcc compiler'
arm-none-eabi-gcc -Wall -O0 -g3 -c -fmessage-length=0 -MT"src/helloworld.o" -mcpu=cortex-a9 -mfpu=vfpv3 -mfloat-abi=hard -I../../skiplprefetch_40skip_1kElem_bsp/ps7_cortexa9_0/include -MMD -MP -MF"src/helloworld.d" -MT"src/helloworld.o" -o "src/helloworld.o" "../src/helloworld.c"
../src/helloworld.c: In function 'main':
../src/helloworld.c:142:16: warning: unused variable 'dummy_node' [-Wunused-variable]
   struct node *dummy_node = (struct node *)malloc(5*sizeof(struct node));
                ^
../src/helloworld.c:195:6: warning: unused variable 'sum' [-Wunused-variable]
  int sum = 0;
      ^
'Finished building: ../src/helloworld.c'
' '
'Building target: skiplprefetch_40skip_1kElem.elf'
'Invoking: ARM v7 gcc linker'
arm-none-eabi-gcc -mcpu=cortex-a9 -mfpu=vfpv3 -mfloat-abi=hard -Wl,-build-id=none -specs=Xilinx.spec -Wl,-T -Wl,../src/lscript.ld -L../../skiplprefetch_40skip_1kElem_bsp/ps7_cortexa9_0/lib -o "skiplprefetch_40skip_1kElem.elf"  ./src/helloworld.o ./src/platform.o   -Wl,--start-group,-lxil,-lgcc,-lc,--end-group
'Finished building target: skiplprefetch_40skip_1kElem.elf'
' '
'Invoking: ARM v7 Print Size'
arm-none-eabi-size skiplprefetch_40skip_1kElem.elf  |tee "skiplprefetch_40skip_1kElem.elf.size"
   text	   data	    bss	    dec	    hex	filename
  82268	   2596	20978480	21063344	14166b0	skiplprefetch_40skip_1kElem.elf
'Finished building: skiplprefetch_40skip_1kElem.elf.size'
' '
16:32:35 **** Auto Build of configuration Debug for project skiplprefetch_40skip_1kElem ****
make pre-build main-build 
a9-linaro-pre-build-step
' '
'Building file: ../src/helloworld.c'
'Invoking: ARM v7 gcc compiler'
arm-none-eabi-gcc -Wall -O0 -g3 -c -fmessage-length=0 -MT"src/helloworld.o" -mcpu=cortex-a9 -mfpu=vfpv3 -mfloat-abi=hard -I../../skiplprefetch_40skip_1kElem_bsp/ps7_cortexa9_0/include -MMD -MP -MF"src/helloworld.d" -MT"src/helloworld.o" -o "src/helloworld.o" "../src/helloworld.c"
../src/helloworld.c: In function 'main':
../src/helloworld.c:143:16: warning: unused variable 'dummy_node' [-Wunused-variable]
   struct node *dummy_node = (struct node *)malloc(5*sizeof(struct node));
                ^
../src/helloworld.c:222:14: warning: assignment makes pointer from integer without a cast [-Wint-conversion]
    old_temp1 =
              ^
../src/helloworld.c:196:6: warning: unused variable 'sum' [-Wunused-variable]
  int sum = 0;
      ^
../src/helloworld.c:123:15: warning: unused variable 'prefetch_startAddrs' [-Wunused-variable]
  struct node *prefetch_startAddrs[10];
               ^
'Finished building: ../src/helloworld.c'
' '
'Building target: skiplprefetch_40skip_1kElem.elf'
'Invoking: ARM v7 gcc linker'
arm-none-eabi-gcc -mcpu=cortex-a9 -mfpu=vfpv3 -mfloat-abi=hard -Wl,-build-id=none -specs=Xilinx.spec -Wl,-T -Wl,../src/lscript.ld -L../../skiplprefetch_40skip_1kElem_bsp/ps7_cortexa9_0/lib -o "skiplprefetch_40skip_1kElem.elf"  ./src/helloworld.o ./src/platform.o   -Wl,--start-group,-lxil,-lgcc,-lc,--end-group
'Finished building target: skiplprefetch_40skip_1kElem.elf'
' '
'Invoking: ARM v7 Print Size'
arm-none-eabi-size skiplprefetch_40skip_1kElem.elf  |tee "skiplprefetch_40skip_1kElem.elf.size"
   text	   data	    bss	    dec	    hex	filename
  82268	   2596	20978480	21063344	14166b0	skiplprefetch_40skip_1kElem.elf
'Finished building: skiplprefetch_40skip_1kElem.elf.size'
' '
16:33:59 **** Auto Build of configuration Debug for project skiplprefetch_40skip_1kElem ****
make pre-build main-build 
a9-linaro-pre-build-step
' '
'Building file: ../src/helloworld.c'
'Invoking: ARM v7 gcc compiler'
arm-none-eabi-gcc -Wall -O0 -g3 -c -fmessage-length=0 -MT"src/helloworld.o" -mcpu=cortex-a9 -mfpu=vfpv3 -mfloat-abi=hard -I../../skiplprefetch_40skip_1kElem_bsp/ps7_cortexa9_0/include -MMD -MP -MF"src/helloworld.d" -MT"src/helloworld.o" -o "src/helloworld.o" "../src/helloworld.c"
../src/helloworld.c: In function 'main':
../src/helloworld.c:144:3: warning: statement with no effect [-Wunused-value]
   prefetch_startaddrs
   ^
../src/helloworld.c:145:3: error: expected ';' before 'struct'
   struct node *dummy_node = (struct node *)malloc(5*sizeof(struct node));
   ^
../src/helloworld.c:224:14: warning: assignment makes pointer from integer without a cast [-Wint-conversion]
    old_temp1 =
              ^
../src/helloworld.c:198:6: warning: unused variable 'sum' [-Wunused-variable]
  int sum = 0;
      ^
../src/helloworld.c:124:6: warning: unused variable 'count' [-Wunused-variable]
  int count = 0;
      ^
make: *** [src/helloworld.o] Error 1
16:34:09 **** Auto Build of configuration Debug for project skiplprefetch_40skip_1kElem ****
make pre-build main-build 
a9-linaro-pre-build-step
' '
'Building file: ../src/helloworld.c'
'Invoking: ARM v7 gcc compiler'
arm-none-eabi-gcc -Wall -O0 -g3 -c -fmessage-length=0 -MT"src/helloworld.o" -mcpu=cortex-a9 -mfpu=vfpv3 -mfloat-abi=hard -I../../skiplprefetch_40skip_1kElem_bsp/ps7_cortexa9_0/include -MMD -MP -MF"src/helloworld.d" -MT"src/helloworld.o" -o "src/helloworld.o" "../src/helloworld.c"
../src/helloworld.c: In function 'main':
../src/helloworld.c:145:16: warning: unused variable 'dummy_node' [-Wunused-variable]
   struct node *dummy_node = (struct node *)malloc(5*sizeof(struct node));
                ^
../src/helloworld.c:224:14: warning: assignment makes pointer from integer without a cast [-Wint-conversion]
    old_temp1 =
              ^
../src/helloworld.c:198:6: warning: unused variable 'sum' [-Wunused-variable]
  int sum = 0;
      ^
../src/helloworld.c:123:15: warning: variable 'prefetch_startaddrs' set but not used [-Wunused-but-set-variable]
  struct node *prefetch_startaddrs[10];
               ^
'Finished building: ../src/helloworld.c'
' '
'Building target: skiplprefetch_40skip_1kElem.elf'
'Invoking: ARM v7 gcc linker'
arm-none-eabi-gcc -mcpu=cortex-a9 -mfpu=vfpv3 -mfloat-abi=hard -Wl,-build-id=none -specs=Xilinx.spec -Wl,-T -Wl,../src/lscript.ld -L../../skiplprefetch_40skip_1kElem_bsp/ps7_cortexa9_0/lib -o "skiplprefetch_40skip_1kElem.elf"  ./src/helloworld.o ./src/platform.o   -Wl,--start-group,-lxil,-lgcc,-lc,--end-group
'Finished building target: skiplprefetch_40skip_1kElem.elf'
' '
'Invoking: ARM v7 Print Size'
arm-none-eabi-size skiplprefetch_40skip_1kElem.elf  |tee "skiplprefetch_40skip_1kElem.elf.size"
   text	   data	    bss	    dec	    hex	filename
  82332	   2596	20978480	21063408	14166f0	skiplprefetch_40skip_1kElem.elf
'Finished building: skiplprefetch_40skip_1kElem.elf.size'
' '
16:34:18 **** Auto Build of configuration Debug for project skiplprefetch_40skip_1kElem ****
make pre-build main-build 
a9-linaro-pre-build-step
' '
'Building file: ../src/helloworld.c'
'Invoking: ARM v7 gcc compiler'
arm-none-eabi-gcc -Wall -O0 -g3 -c -fmessage-length=0 -MT"src/helloworld.o" -mcpu=cortex-a9 -mfpu=vfpv3 -mfloat-abi=hard -I../../skiplprefetch_40skip_1kElem_bsp/ps7_cortexa9_0/include -MMD -MP -MF"src/helloworld.d" -MT"src/helloworld.o" -o "src/helloworld.o" "../src/helloworld.c"
../src/helloworld.c: In function 'main':
../src/helloworld.c:146:16: warning: unused variable 'dummy_node' [-Wunused-variable]
   struct node *dummy_node = (struct node *)malloc(5*sizeof(struct node));
                ^
../src/helloworld.c:225:14: warning: assignment makes pointer from integer without a cast [-Wint-conversion]
    old_temp1 =
              ^
../src/helloworld.c:199:6: warning: unused variable 'sum' [-Wunused-variable]
  int sum = 0;
      ^
../src/helloworld.c:123:15: warning: variable 'prefetch_startaddrs' set but not used [-Wunused-but-set-variable]
  struct node *prefetch_startaddrs[10];
               ^
'Finished building: ../src/helloworld.c'
' '
'Building target: skiplprefetch_40skip_1kElem.elf'
'Invoking: ARM v7 gcc linker'
arm-none-eabi-gcc -mcpu=cortex-a9 -mfpu=vfpv3 -mfloat-abi=hard -Wl,-build-id=none -specs=Xilinx.spec -Wl,-T -Wl,../src/lscript.ld -L../../skiplprefetch_40skip_1kElem_bsp/ps7_cortexa9_0/lib -o "skiplprefetch_40skip_1kElem.elf"  ./src/helloworld.o ./src/platform.o   -Wl,--start-group,-lxil,-lgcc,-lc,--end-group
'Finished building target: skiplprefetch_40skip_1kElem.elf'
' '
'Invoking: ARM v7 Print Size'
arm-none-eabi-size skiplprefetch_40skip_1kElem.elf  |tee "skiplprefetch_40skip_1kElem.elf.size"
   text	   data	    bss	    dec	    hex	filename
  82332	   2596	20978480	21063408	14166f0	skiplprefetch_40skip_1kElem.elf
'Finished building: skiplprefetch_40skip_1kElem.elf.size'
' '
16:35:13 **** Auto Build of configuration Debug for project skiplprefetch_40skip_1kElem ****
make pre-build main-build 
a9-linaro-pre-build-step
' '
'Building file: ../src/helloworld.c'
'Invoking: ARM v7 gcc compiler'
arm-none-eabi-gcc -Wall -O0 -g3 -c -fmessage-length=0 -MT"src/helloworld.o" -mcpu=cortex-a9 -mfpu=vfpv3 -mfloat-abi=hard -I../../skiplprefetch_40skip_1kElem_bsp/ps7_cortexa9_0/include -MMD -MP -MF"src/helloworld.d" -MT"src/helloworld.o" -o "src/helloworld.o" "../src/helloworld.c"
../src/helloworld.c: In function 'main':
../src/helloworld.c:148:16: warning: unused variable 'dummy_node' [-Wunused-variable]
   struct node *dummy_node = (struct node *)malloc(5*sizeof(struct node));
                ^
../src/helloworld.c:227:14: warning: assignment makes pointer from integer without a cast [-Wint-conversion]
    old_temp1 =
              ^
../src/helloworld.c:201:6: warning: unused variable 'sum' [-Wunused-variable]
  int sum = 0;
      ^
../src/helloworld.c:123:15: warning: variable 'prefetch_startaddrs' set but not used [-Wunused-but-set-variable]
  struct node *prefetch_startaddrs[10];
               ^
'Finished building: ../src/helloworld.c'
' '
'Building target: skiplprefetch_40skip_1kElem.elf'
'Invoking: ARM v7 gcc linker'
arm-none-eabi-gcc -mcpu=cortex-a9 -mfpu=vfpv3 -mfloat-abi=hard -Wl,-build-id=none -specs=Xilinx.spec -Wl,-T -Wl,../src/lscript.ld -L../../skiplprefetch_40skip_1kElem_bsp/ps7_cortexa9_0/lib -o "skiplprefetch_40skip_1kElem.elf"  ./src/helloworld.o ./src/platform.o   -Wl,--start-group,-lxil,-lgcc,-lc,--end-group
'Finished building target: skiplprefetch_40skip_1kElem.elf'
' '
'Invoking: ARM v7 Print Size'
arm-none-eabi-size skiplprefetch_40skip_1kElem.elf  |tee "skiplprefetch_40skip_1kElem.elf.size"
   text	   data	    bss	    dec	    hex	filename
  82396	   2596	20978480	21063472	1416730	skiplprefetch_40skip_1kElem.elf
'Finished building: skiplprefetch_40skip_1kElem.elf.size'
' '
16:37:11 **** Auto Build of configuration Debug for project skiplprefetch_40skip_1kElem ****
make pre-build main-build 
a9-linaro-pre-build-step
' '
'Building file: ../src/helloworld.c'
'Invoking: ARM v7 gcc compiler'
arm-none-eabi-gcc -Wall -O0 -g3 -c -fmessage-length=0 -MT"src/helloworld.o" -mcpu=cortex-a9 -mfpu=vfpv3 -mfloat-abi=hard -I../../skiplprefetch_40skip_1kElem_bsp/ps7_cortexa9_0/include -MMD -MP -MF"src/helloworld.d" -MT"src/helloworld.o" -o "src/helloworld.o" "../src/helloworld.c"
../src/helloworld.c: In function 'main':
../src/helloworld.c:148:16: warning: unused variable 'dummy_node' [-Wunused-variable]
   struct node *dummy_node = (struct node *)malloc(5*sizeof(struct node));
                ^
../src/helloworld.c:201:6: warning: unused variable 'sum' [-Wunused-variable]
  int sum = 0;
      ^
'Finished building: ../src/helloworld.c'
' '
'Building target: skiplprefetch_40skip_1kElem.elf'
'Invoking: ARM v7 gcc linker'
arm-none-eabi-gcc -mcpu=cortex-a9 -mfpu=vfpv3 -mfloat-abi=hard -Wl,-build-id=none -specs=Xilinx.spec -Wl,-T -Wl,../src/lscript.ld -L../../skiplprefetch_40skip_1kElem_bsp/ps7_cortexa9_0/lib -o "skiplprefetch_40skip_1kElem.elf"  ./src/helloworld.o ./src/platform.o   -Wl,--start-group,-lxil,-lgcc,-lc,--end-group
'Finished building target: skiplprefetch_40skip_1kElem.elf'
' '
'Invoking: ARM v7 Print Size'
arm-none-eabi-size skiplprefetch_40skip_1kElem.elf  |tee "skiplprefetch_40skip_1kElem.elf.size"
   text	   data	    bss	    dec	    hex	filename
  82396	   2596	20978480	21063472	1416730	skiplprefetch_40skip_1kElem.elf
'Finished building: skiplprefetch_40skip_1kElem.elf.size'
' '
16:37:36 **** Auto Build of configuration Debug for project skiplprefetch_40skip_1kElem ****
make pre-build main-build 
a9-linaro-pre-build-step
' '
'Building file: ../src/helloworld.c'
'Invoking: ARM v7 gcc compiler'
arm-none-eabi-gcc -Wall -O0 -g3 -c -fmessage-length=0 -MT"src/helloworld.o" -mcpu=cortex-a9 -mfpu=vfpv3 -mfloat-abi=hard -I../../skiplprefetch_40skip_1kElem_bsp/ps7_cortexa9_0/include -MMD -MP -MF"src/helloworld.d" -MT"src/helloworld.o" -o "src/helloworld.o" "../src/helloworld.c"
../src/helloworld.c: In function 'main':
../src/helloworld.c:148:16: warning: unused variable 'dummy_node' [-Wunused-variable]
   struct node *dummy_node = (struct node *)malloc(5*sizeof(struct node));
                ^
../src/helloworld.c:201:6: warning: unused variable 'sum' [-Wunused-variable]
  int sum = 0;
      ^
'Finished building: ../src/helloworld.c'
' '
'Building target: skiplprefetch_40skip_1kElem.elf'
'Invoking: ARM v7 gcc linker'
arm-none-eabi-gcc -mcpu=cortex-a9 -mfpu=vfpv3 -mfloat-abi=hard -Wl,-build-id=none -specs=Xilinx.spec -Wl,-T -Wl,../src/lscript.ld -L../../skiplprefetch_40skip_1kElem_bsp/ps7_cortexa9_0/lib -o "skiplprefetch_40skip_1kElem.elf"  ./src/helloworld.o ./src/platform.o   -Wl,--start-group,-lxil,-lgcc,-lc,--end-group
'Finished building target: skiplprefetch_40skip_1kElem.elf'
' '
'Invoking: ARM v7 Print Size'
arm-none-eabi-size skiplprefetch_40skip_1kElem.elf  |tee "skiplprefetch_40skip_1kElem.elf.size"
   text	   data	    bss	    dec	    hex	filename
  82396	   2596	20978480	21063472	1416730	skiplprefetch_40skip_1kElem.elf
'Finished building: skiplprefetch_40skip_1kElem.elf.size'
' '
16:37:44 **** Auto Build of configuration Debug for project skiplprefetch_40skip_1kElem ****
make pre-build main-build 
a9-linaro-pre-build-step
' '
'Building file: ../src/helloworld.c'
'Invoking: ARM v7 gcc compiler'
arm-none-eabi-gcc -Wall -O0 -g3 -c -fmessage-length=0 -MT"src/helloworld.o" -mcpu=cortex-a9 -mfpu=vfpv3 -mfloat-abi=hard -I../../skiplprefetch_40skip_1kElem_bsp/ps7_cortexa9_0/include -MMD -MP -MF"src/helloworld.d" -MT"src/helloworld.o" -o "src/helloworld.o" "../src/helloworld.c"
../src/helloworld.c: In function 'main':
../src/helloworld.c:148:16: warning: unused variable 'dummy_node' [-Wunused-variable]
   struct node *dummy_node = (struct node *)malloc(5*sizeof(struct node));
                ^
../src/helloworld.c:201:6: warning: unused variable 'sum' [-Wunused-variable]
  int sum = 0;
      ^
'Finished building: ../src/helloworld.c'
' '
'Building target: skiplprefetch_40skip_1kElem.elf'
'Invoking: ARM v7 gcc linker'
arm-none-eabi-gcc -mcpu=cortex-a9 -mfpu=vfpv3 -mfloat-abi=hard -Wl,-build-id=none -specs=Xilinx.spec -Wl,-T -Wl,../src/lscript.ld -L../../skiplprefetch_40skip_1kElem_bsp/ps7_cortexa9_0/lib -o "skiplprefetch_40skip_1kElem.elf"  ./src/helloworld.o ./src/platform.o   -Wl,--start-group,-lxil,-lgcc,-lc,--end-group
'Finished building target: skiplprefetch_40skip_1kElem.elf'
' '
'Invoking: ARM v7 Print Size'
arm-none-eabi-size skiplprefetch_40skip_1kElem.elf  |tee "skiplprefetch_40skip_1kElem.elf.size"
   text	   data	    bss	    dec	    hex	filename
  82356	   2596	20978480	21063432	1416708	skiplprefetch_40skip_1kElem.elf
'Finished building: skiplprefetch_40skip_1kElem.elf.size'
' '
16:37:46 **** Incremental Build of configuration Debug for project skiplprefetch_40skip_1kElem ****
make pre-build main-build 
a9-linaro-pre-build-step
' '
make: Nothing to be done for `main-build'.
16:38:25 **** Auto Build of configuration Debug for project skiplprefetch_40skip_1kElem ****
make pre-build main-build 
a9-linaro-pre-build-step
' '
'Building file: ../src/helloworld.c'
'Invoking: ARM v7 gcc compiler'
arm-none-eabi-gcc -Wall -O0 -g3 -c -fmessage-length=0 -MT"src/helloworld.o" -mcpu=cortex-a9 -mfpu=vfpv3 -mfloat-abi=hard -I../../skiplprefetch_40skip_1kElem_bsp/ps7_cortexa9_0/include -MMD -MP -MF"src/helloworld.d" -MT"src/helloworld.o" -o "src/helloworld.o" "../src/helloworld.c"
../src/helloworld.c: In function 'main':
../src/helloworld.c:148:16: warning: unused variable 'dummy_node' [-Wunused-variable]
   struct node *dummy_node = (struct node *)malloc(5*sizeof(struct node));
                ^
../src/helloworld.c:201:6: warning: unused variable 'sum' [-Wunused-variable]
  int sum = 0;
      ^
'Finished building: ../src/helloworld.c'
' '
'Building target: skiplprefetch_40skip_1kElem.elf'
'Invoking: ARM v7 gcc linker'
arm-none-eabi-gcc -mcpu=cortex-a9 -mfpu=vfpv3 -mfloat-abi=hard -Wl,-build-id=none -specs=Xilinx.spec -Wl,-T -Wl,../src/lscript.ld -L../../skiplprefetch_40skip_1kElem_bsp/ps7_cortexa9_0/lib -o "skiplprefetch_40skip_1kElem.elf"  ./src/helloworld.o ./src/platform.o   -Wl,--start-group,-lxil,-lgcc,-lc,--end-group
'Finished building target: skiplprefetch_40skip_1kElem.elf'
' '
'Invoking: ARM v7 Print Size'
arm-none-eabi-size skiplprefetch_40skip_1kElem.elf  |tee "skiplprefetch_40skip_1kElem.elf.size"
   text	   data	    bss	    dec	    hex	filename
  82388	   2596	20978480	21063464	1416728	skiplprefetch_40skip_1kElem.elf
'Finished building: skiplprefetch_40skip_1kElem.elf.size'
' '
16:38:35 **** Incremental Build of configuration Debug for project skiplprefetch_40skip_1kElem ****
make pre-build main-build 
a9-linaro-pre-build-step
' '
make: Nothing to be done for `main-build'.
16:38:46 **** Incremental Build of configuration Debug for project skiplprefetch_40skip_1kElem ****
make pre-build main-build 
a9-linaro-pre-build-step
' '
make: Nothing to be done for `main-build'.
16:38:51 **** Incremental Build of configuration Debug for project skiplprefetch_40skip_1kElem ****
make pre-build main-build 
a9-linaro-pre-build-step
' '
make: Nothing to be done for `main-build'.
16:38:58 **** Incremental Build of configuration Debug for project skiplprefetch_40skip_1kElem ****
make pre-build main-build 
a9-linaro-pre-build-step
' '
make: Nothing to be done for `main-build'.
16:39:41 **** Incremental Build of configuration Debug for project skiplprefetch_40skip_1kElem ****
make pre-build main-build 
a9-linaro-pre-build-step
' '
make: Nothing to be done for `main-build'.
16:40:56 **** Incremental Build of configuration Debug for project skiplprefetch_40skip_1kElem ****
make pre-build main-build 
a9-linaro-pre-build-step
' '
make: Nothing to be done for `main-build'.
16:41:01 **** Incremental Build of configuration Debug for project skiplprefetch_40skip_1kElem ****
make pre-build main-build 
a9-linaro-pre-build-step
' '
make: Nothing to be done for `main-build'.
16:41:08 **** Incremental Build of configuration Debug for project skiplprefetch_40skip_1kElem ****
make pre-build main-build 
a9-linaro-pre-build-step
' '
make: Nothing to be done for `main-build'.
16:41:38 **** Auto Build of configuration Debug for project skiplprefetch_40skip_1kElem ****
make pre-build main-build 
a9-linaro-pre-build-step
' '
'Building file: ../src/helloworld.c'
'Invoking: ARM v7 gcc compiler'
arm-none-eabi-gcc -Wall -O0 -g3 -c -fmessage-length=0 -MT"src/helloworld.o" -mcpu=cortex-a9 -mfpu=vfpv3 -mfloat-abi=hard -I../../skiplprefetch_40skip_1kElem_bsp/ps7_cortexa9_0/include -MMD -MP -MF"src/helloworld.d" -MT"src/helloworld.o" -o "src/helloworld.o" "../src/helloworld.c"
../src/helloworld.c: In function 'main':
../src/helloworld.c:148:16: warning: unused variable 'dummy_node' [-Wunused-variable]
   struct node *dummy_node = (struct node *)malloc(5*sizeof(struct node));
                ^
../src/helloworld.c:201:6: warning: unused variable 'sum' [-Wunused-variable]
  int sum = 0;
      ^
'Finished building: ../src/helloworld.c'
' '
'Building target: skiplprefetch_40skip_1kElem.elf'
'Invoking: ARM v7 gcc linker'
arm-none-eabi-gcc -mcpu=cortex-a9 -mfpu=vfpv3 -mfloat-abi=hard -Wl,-build-id=none -specs=Xilinx.spec -Wl,-T -Wl,../src/lscript.ld -L../../skiplprefetch_40skip_1kElem_bsp/ps7_cortexa9_0/lib -o "skiplprefetch_40skip_1kElem.elf"  ./src/helloworld.o ./src/platform.o   -Wl,--start-group,-lxil,-lgcc,-lc,--end-group
'Finished building target: skiplprefetch_40skip_1kElem.elf'
' '
'Invoking: ARM v7 Print Size'
arm-none-eabi-size skiplprefetch_40skip_1kElem.elf  |tee "skiplprefetch_40skip_1kElem.elf.size"
   text	   data	    bss	    dec	    hex	filename
  82324	   2596	20978480	21063400	14166e8	skiplprefetch_40skip_1kElem.elf
'Finished building: skiplprefetch_40skip_1kElem.elf.size'
' '
16:41:41 **** Incremental Build of configuration Debug for project skiplprefetch_40skip_1kElem ****
make pre-build main-build 
a9-linaro-pre-build-step
' '
make: Nothing to be done for `main-build'.
16:41:48 **** Auto Build of configuration Debug for project skiplprefetch_40skip_1kElem ****
make pre-build main-build 
a9-linaro-pre-build-step
' '
'Building file: ../src/helloworld.c'
'Invoking: ARM v7 gcc compiler'
arm-none-eabi-gcc -Wall -O0 -g3 -c -fmessage-length=0 -MT"src/helloworld.o" -mcpu=cortex-a9 -mfpu=vfpv3 -mfloat-abi=hard -I../../skiplprefetch_40skip_1kElem_bsp/ps7_cortexa9_0/include -MMD -MP -MF"src/helloworld.d" -MT"src/helloworld.o" -o "src/helloworld.o" "../src/helloworld.c"
../src/helloworld.c: In function 'main':
../src/helloworld.c:148:16: warning: unused variable 'dummy_node' [-Wunused-variable]
   struct node *dummy_node = (struct node *)malloc(5*sizeof(struct node));
                ^
../src/helloworld.c:201:6: warning: unused variable 'sum' [-Wunused-variable]
  int sum = 0;
      ^
'Finished building: ../src/helloworld.c'
' '
'Building target: skiplprefetch_40skip_1kElem.elf'
'Invoking: ARM v7 gcc linker'
arm-none-eabi-gcc -mcpu=cortex-a9 -mfpu=vfpv3 -mfloat-abi=hard -Wl,-build-id=none -specs=Xilinx.spec -Wl,-T -Wl,../src/lscript.ld -L../../skiplprefetch_40skip_1kElem_bsp/ps7_cortexa9_0/lib -o "skiplprefetch_40skip_1kElem.elf"  ./src/helloworld.o ./src/platform.o   -Wl,--start-group,-lxil,-lgcc,-lc,--end-group
'Finished building target: skiplprefetch_40skip_1kElem.elf'
' '
'Invoking: ARM v7 Print Size'
arm-none-eabi-size skiplprefetch_40skip_1kElem.elf  |tee "skiplprefetch_40skip_1kElem.elf.size"
   text	   data	    bss	    dec	    hex	filename
  82388	   2596	20978480	21063464	1416728	skiplprefetch_40skip_1kElem.elf
'Finished building: skiplprefetch_40skip_1kElem.elf.size'
' '
16:41:52 **** Incremental Build of configuration Debug for project skiplprefetch_40skip_1kElem ****
make pre-build main-build 
a9-linaro-pre-build-step
' '
make: Nothing to be done for `main-build'.
16:41:56 **** Incremental Build of configuration Debug for project skiplprefetch_40skip_1kElem ****
make pre-build main-build 
a9-linaro-pre-build-step
' '
make: Nothing to be done for `main-build'.
16:42:01 **** Incremental Build of configuration Debug for project skiplprefetch_40skip_1kElem ****
make pre-build main-build 
a9-linaro-pre-build-step
' '
make: Nothing to be done for `main-build'.
16:42:31 **** Incremental Build of configuration Debug for project skiplprefetch_40skip_1kElem ****
make pre-build main-build 
a9-linaro-pre-build-step
' '
make: Nothing to be done for `main-build'.
16:42:36 **** Incremental Build of configuration Debug for project skiplprefetch_40skip_1kElem ****
make pre-build main-build 
a9-linaro-pre-build-step
' '
make: Nothing to be done for `main-build'.
16:42:40 **** Incremental Build of configuration Debug for project skiplprefetch_40skip_1kElem ****
make pre-build main-build 
a9-linaro-pre-build-step
' '
make: Nothing to be done for `main-build'.
16:42:44 **** Incremental Build of configuration Debug for project skiplprefetch_40skip_1kElem ****
make pre-build main-build 
a9-linaro-pre-build-step
' '
make: Nothing to be done for `main-build'.
16:42:48 **** Incremental Build of configuration Debug for project skiplprefetch_40skip_1kElem ****
make pre-build main-build 
a9-linaro-pre-build-step
' '
make: Nothing to be done for `main-build'.
16:42:52 **** Incremental Build of configuration Debug for project skiplprefetch_40skip_1kElem ****
make pre-build main-build 
a9-linaro-pre-build-step
' '
make: Nothing to be done for `main-build'.
16:42:56 **** Incremental Build of configuration Debug for project skiplprefetch_40skip_1kElem ****
make pre-build main-build 
a9-linaro-pre-build-step
' '
make: Nothing to be done for `main-build'.
16:43:38 **** Auto Build of configuration Debug for project skiplprefetch_40skip_1kElem ****
make pre-build main-build 
a9-linaro-pre-build-step
' '
'Building file: ../src/helloworld.c'
'Invoking: ARM v7 gcc compiler'
arm-none-eabi-gcc -Wall -O0 -g3 -c -fmessage-length=0 -MT"src/helloworld.o" -mcpu=cortex-a9 -mfpu=vfpv3 -mfloat-abi=hard -I../../skiplprefetch_40skip_1kElem_bsp/ps7_cortexa9_0/include -MMD -MP -MF"src/helloworld.d" -MT"src/helloworld.o" -o "src/helloworld.o" "../src/helloworld.c"
../src/helloworld.c: In function 'main':
../src/helloworld.c:148:16: warning: unused variable 'dummy_node' [-Wunused-variable]
   struct node *dummy_node = (struct node *)malloc(5*sizeof(struct node));
                ^
../src/helloworld.c:201:6: warning: unused variable 'sum' [-Wunused-variable]
  int sum = 0;
      ^
'Finished building: ../src/helloworld.c'
' '
'Building target: skiplprefetch_40skip_1kElem.elf'
'Invoking: ARM v7 gcc linker'
arm-none-eabi-gcc -mcpu=cortex-a9 -mfpu=vfpv3 -mfloat-abi=hard -Wl,-build-id=none -specs=Xilinx.spec -Wl,-T -Wl,../src/lscript.ld -L../../skiplprefetch_40skip_1kElem_bsp/ps7_cortexa9_0/lib -o "skiplprefetch_40skip_1kElem.elf"  ./src/helloworld.o ./src/platform.o   -Wl,--start-group,-lxil,-lgcc,-lc,--end-group
'Finished building target: skiplprefetch_40skip_1kElem.elf'
' '
'Invoking: ARM v7 Print Size'
arm-none-eabi-size skiplprefetch_40skip_1kElem.elf  |tee "skiplprefetch_40skip_1kElem.elf.size"
   text	   data	    bss	    dec	    hex	filename
  82396	   2596	20978480	21063472	1416730	skiplprefetch_40skip_1kElem.elf
'Finished building: skiplprefetch_40skip_1kElem.elf.size'
' '
16:43:40 **** Incremental Build of configuration Debug for project skiplprefetch_40skip_1kElem ****
make pre-build main-build 
a9-linaro-pre-build-step
' '
make: Nothing to be done for `main-build'.
16:43:44 **** Incremental Build of configuration Debug for project skiplprefetch_40skip_1kElem ****
make pre-build main-build 
a9-linaro-pre-build-step
' '
make: Nothing to be done for `main-build'.
16:43:48 **** Incremental Build of configuration Debug for project skiplprefetch_40skip_1kElem ****
make pre-build main-build 
a9-linaro-pre-build-step
' '
make: Nothing to be done for `main-build'.
16:43:52 **** Incremental Build of configuration Debug for project skiplprefetch_40skip_1kElem ****
make pre-build main-build 
a9-linaro-pre-build-step
' '
make: Nothing to be done for `main-build'.
16:43:56 **** Incremental Build of configuration Debug for project skiplprefetch_40skip_1kElem ****
make pre-build main-build 
a9-linaro-pre-build-step
' '
make: Nothing to be done for `main-build'.
16:44:47 **** Auto Build of configuration Debug for project skiplprefetch_40skip_1kElem ****
make pre-build main-build 
a9-linaro-pre-build-step
' '
'Building file: ../src/helloworld.c'
'Invoking: ARM v7 gcc compiler'
arm-none-eabi-gcc -Wall -O0 -g3 -c -fmessage-length=0 -MT"src/helloworld.o" -mcpu=cortex-a9 -mfpu=vfpv3 -mfloat-abi=hard -I../../skiplprefetch_40skip_1kElem_bsp/ps7_cortexa9_0/include -MMD -MP -MF"src/helloworld.d" -MT"src/helloworld.o" -o "src/helloworld.o" "../src/helloworld.c"
../src/helloworld.c: In function 'main':
../src/helloworld.c:148:16: warning: unused variable 'dummy_node' [-Wunused-variable]
   struct node *dummy_node = (struct node *)malloc(5*sizeof(struct node));
                ^
../src/helloworld.c:201:6: warning: unused variable 'sum' [-Wunused-variable]
  int sum = 0;
      ^
'Finished building: ../src/helloworld.c'
' '
'Building target: skiplprefetch_40skip_1kElem.elf'
'Invoking: ARM v7 gcc linker'
arm-none-eabi-gcc -mcpu=cortex-a9 -mfpu=vfpv3 -mfloat-abi=hard -Wl,-build-id=none -specs=Xilinx.spec -Wl,-T -Wl,../src/lscript.ld -L../../skiplprefetch_40skip_1kElem_bsp/ps7_cortexa9_0/lib -o "skiplprefetch_40skip_1kElem.elf"  ./src/helloworld.o ./src/platform.o   -Wl,--start-group,-lxil,-lgcc,-lc,--end-group
'Finished building target: skiplprefetch_40skip_1kElem.elf'
' '
'Invoking: ARM v7 Print Size'
arm-none-eabi-size skiplprefetch_40skip_1kElem.elf  |tee "skiplprefetch_40skip_1kElem.elf.size"
   text	   data	    bss	    dec	    hex	filename
  82396	   2596	20978480	21063472	1416730	skiplprefetch_40skip_1kElem.elf
'Finished building: skiplprefetch_40skip_1kElem.elf.size'
' '
16:44:50 **** Incremental Build of configuration Debug for project skiplprefetch_40skip_1kElem ****
make pre-build main-build 
a9-linaro-pre-build-step
' '
make: Nothing to be done for `main-build'.
16:45:12 **** Incremental Build of configuration Debug for project skiplprefetch_40skip_1kElem ****
make pre-build main-build 
a9-linaro-pre-build-step
' '
make: Nothing to be done for `main-build'.
16:45:17 **** Incremental Build of configuration Debug for project skiplprefetch_40skip_1kElem ****
make pre-build main-build 
a9-linaro-pre-build-step
' '
make: Nothing to be done for `main-build'.
16:45:41 **** Incremental Build of configuration Debug for project skiplprefetch_40skip_1kElem ****
make pre-build main-build 
a9-linaro-pre-build-step
' '
make: Nothing to be done for `main-build'.
16:45:48 **** Auto Build of configuration Debug for project skiplprefetch_40skip_1kElem ****
make pre-build main-build 
a9-linaro-pre-build-step
' '
'Building file: ../src/helloworld.c'
'Invoking: ARM v7 gcc compiler'
arm-none-eabi-gcc -Wall -O0 -g3 -c -fmessage-length=0 -MT"src/helloworld.o" -mcpu=cortex-a9 -mfpu=vfpv3 -mfloat-abi=hard -I../../skiplprefetch_40skip_1kElem_bsp/ps7_cortexa9_0/include -MMD -MP -MF"src/helloworld.d" -MT"src/helloworld.o" -o "src/helloworld.o" "../src/helloworld.c"
../src/helloworld.c: In function 'main':
../src/helloworld.c:148:16: warning: unused variable 'dummy_node' [-Wunused-variable]
   struct node *dummy_node = (struct node *)malloc(5*sizeof(struct node));
                ^
../src/helloworld.c:201:6: warning: unused variable 'sum' [-Wunused-variable]
  int sum = 0;
      ^
'Finished building: ../src/helloworld.c'
' '
'Building target: skiplprefetch_40skip_1kElem.elf'
'Invoking: ARM v7 gcc linker'
arm-none-eabi-gcc -mcpu=cortex-a9 -mfpu=vfpv3 -mfloat-abi=hard -Wl,-build-id=none -specs=Xilinx.spec -Wl,-T -Wl,../src/lscript.ld -L../../skiplprefetch_40skip_1kElem_bsp/ps7_cortexa9_0/lib -o "skiplprefetch_40skip_1kElem.elf"  ./src/helloworld.o ./src/platform.o   -Wl,--start-group,-lxil,-lgcc,-lc,--end-group
'Finished building target: skiplprefetch_40skip_1kElem.elf'
' '
'Invoking: ARM v7 Print Size'
arm-none-eabi-size skiplprefetch_40skip_1kElem.elf  |tee "skiplprefetch_40skip_1kElem.elf.size"
   text	   data	    bss	    dec	    hex	filename
  82268	   2596	20978480	21063344	14166b0	skiplprefetch_40skip_1kElem.elf
'Finished building: skiplprefetch_40skip_1kElem.elf.size'
' '
16:45:53 **** Incremental Build of configuration Debug for project skiplprefetch_40skip_1kElem ****
make pre-build main-build 
a9-linaro-pre-build-step
' '
make: Nothing to be done for `main-build'.
16:45:57 **** Incremental Build of configuration Debug for project skiplprefetch_40skip_1kElem ****
make pre-build main-build 
a9-linaro-pre-build-step
' '
make: Nothing to be done for `main-build'.
16:46:02 **** Incremental Build of configuration Debug for project skiplprefetch_40skip_1kElem ****
make pre-build main-build 
a9-linaro-pre-build-step
' '
make: Nothing to be done for `main-build'.
16:46:08 **** Incremental Build of configuration Debug for project skiplprefetch_40skip_1kElem ****
make pre-build main-build 
a9-linaro-pre-build-step
' '
make: Nothing to be done for `main-build'.
16:46:11 **** Incremental Build of configuration Debug for project skiplprefetch_40skip_1kElem ****
make pre-build main-build 
a9-linaro-pre-build-step
' '
make: Nothing to be done for `main-build'.
16:46:16 **** Incremental Build of configuration Debug for project skiplprefetch_40skip_1kElem ****
make pre-build main-build 
a9-linaro-pre-build-step
' '
make: Nothing to be done for `main-build'.
16:46:23 **** Incremental Build of configuration Debug for project skiplprefetch_40skip_1kElem ****
make pre-build main-build 
a9-linaro-pre-build-step
' '
make: Nothing to be done for `main-build'.
16:46:30 **** Incremental Build of configuration Debug for project skiplprefetch_40skip_1kElem ****
make pre-build main-build 
a9-linaro-pre-build-step
' '
make: Nothing to be done for `main-build'.
16:46:39 **** Incremental Build of configuration Debug for project skiplprefetch_40skip_1kElem ****
make pre-build main-build 
a9-linaro-pre-build-step
' '
make: Nothing to be done for `main-build'.
16:46:56 **** Incremental Build of configuration Debug for project skiplprefetch_40skip_1kElem ****
make pre-build main-build 
a9-linaro-pre-build-step
' '
make: Nothing to be done for `main-build'.
16:47:02 **** Incremental Build of configuration Debug for project skiplprefetch_40skip_1kElem ****
make pre-build main-build 
a9-linaro-pre-build-step
' '
make: Nothing to be done for `main-build'.
16:47:09 **** Incremental Build of configuration Debug for project skiplprefetch_40skip_1kElem ****
make pre-build main-build 
a9-linaro-pre-build-step
' '
make: Nothing to be done for `main-build'.
16:47:14 **** Incremental Build of configuration Debug for project skiplprefetch_40skip_1kElem ****
make pre-build main-build 
a9-linaro-pre-build-step
' '
make: Nothing to be done for `main-build'.
16:47:38 **** Auto Build of configuration Debug for project skiplprefetch_40skip_1kElem ****
make pre-build main-build 
a9-linaro-pre-build-step
' '
'Building file: ../src/helloworld.c'
'Invoking: ARM v7 gcc compiler'
arm-none-eabi-gcc -Wall -O0 -g3 -c -fmessage-length=0 -MT"src/helloworld.o" -mcpu=cortex-a9 -mfpu=vfpv3 -mfloat-abi=hard -I../../skiplprefetch_40skip_1kElem_bsp/ps7_cortexa9_0/include -MMD -MP -MF"src/helloworld.d" -MT"src/helloworld.o" -o "src/helloworld.o" "../src/helloworld.c"
../src/helloworld.c: In function 'main':
../src/helloworld.c:148:16: warning: unused variable 'dummy_node' [-Wunused-variable]
   struct node *dummy_node = (struct node *)malloc(5*sizeof(struct node));
                ^
../src/helloworld.c:201:6: warning: unused variable 'sum' [-Wunused-variable]
  int sum = 0;
      ^
'Finished building: ../src/helloworld.c'
' '
'Building target: skiplprefetch_40skip_1kElem.elf'
'Invoking: ARM v7 gcc linker'
arm-none-eabi-gcc -mcpu=cortex-a9 -mfpu=vfpv3 -mfloat-abi=hard -Wl,-build-id=none -specs=Xilinx.spec -Wl,-T -Wl,../src/lscript.ld -L../../skiplprefetch_40skip_1kElem_bsp/ps7_cortexa9_0/lib -o "skiplprefetch_40skip_1kElem.elf"  ./src/helloworld.o ./src/platform.o   -Wl,--start-group,-lxil,-lgcc,-lc,--end-group
'Finished building target: skiplprefetch_40skip_1kElem.elf'
' '
'Invoking: ARM v7 Print Size'
arm-none-eabi-size skiplprefetch_40skip_1kElem.elf  |tee "skiplprefetch_40skip_1kElem.elf.size"
   text	   data	    bss	    dec	    hex	filename
  82396	   2596	20978480	21063472	1416730	skiplprefetch_40skip_1kElem.elf
'Finished building: skiplprefetch_40skip_1kElem.elf.size'
' '
16:47:43 **** Incremental Build of configuration Debug for project skiplprefetch_40skip_1kElem ****
make pre-build main-build 
a9-linaro-pre-build-step
' '
make: Nothing to be done for `main-build'.
16:47:47 **** Incremental Build of configuration Debug for project skiplprefetch_40skip_1kElem ****
make pre-build main-build 
a9-linaro-pre-build-step
' '
make: Nothing to be done for `main-build'.
16:47:51 **** Incremental Build of configuration Debug for project skiplprefetch_40skip_1kElem ****
make pre-build main-build 
a9-linaro-pre-build-step
' '
make: Nothing to be done for `main-build'.
16:48:01 **** Incremental Build of configuration Debug for project skiplprefetch_40skip_1kElem ****
make pre-build main-build 
a9-linaro-pre-build-step
' '
make: Nothing to be done for `main-build'.
16:50:16 **** Auto Build of configuration Debug for project skiplprefetch_40skip_1kElem ****
make pre-build main-build 
a9-linaro-pre-build-step
' '
'Building file: ../src/helloworld.c'
'Invoking: ARM v7 gcc compiler'
arm-none-eabi-gcc -Wall -O0 -g3 -c -fmessage-length=0 -MT"src/helloworld.o" -mcpu=cortex-a9 -mfpu=vfpv3 -mfloat-abi=hard -I../../skiplprefetch_40skip_1kElem_bsp/ps7_cortexa9_0/include -MMD -MP -MF"src/helloworld.d" -MT"src/helloworld.o" -o "src/helloworld.o" "../src/helloworld.c"
../src/helloworld.c: In function 'main':
../src/helloworld.c:148:16: warning: unused variable 'dummy_node' [-Wunused-variable]
   struct node *dummy_node = (struct node *)malloc(5*sizeof(struct node));
                ^
../src/helloworld.c:201:6: warning: unused variable 'sum' [-Wunused-variable]
  int sum = 0;
      ^
'Finished building: ../src/helloworld.c'
' '
'Building target: skiplprefetch_40skip_1kElem.elf'
'Invoking: ARM v7 gcc linker'
arm-none-eabi-gcc -mcpu=cortex-a9 -mfpu=vfpv3 -mfloat-abi=hard -Wl,-build-id=none -specs=Xilinx.spec -Wl,-T -Wl,../src/lscript.ld -L../../skiplprefetch_40skip_1kElem_bsp/ps7_cortexa9_0/lib -o "skiplprefetch_40skip_1kElem.elf"  ./src/helloworld.o ./src/platform.o   -Wl,--start-group,-lxil,-lgcc,-lc,--end-group
'Finished building target: skiplprefetch_40skip_1kElem.elf'
' '
'Invoking: ARM v7 Print Size'
arm-none-eabi-size skiplprefetch_40skip_1kElem.elf  |tee "skiplprefetch_40skip_1kElem.elf.size"
   text	   data	    bss	    dec	    hex	filename
  82396	   2596	20978480	21063472	1416730	skiplprefetch_40skip_1kElem.elf
'Finished building: skiplprefetch_40skip_1kElem.elf.size'
' '
16:50:30 **** Auto Build of configuration Debug for project skiplprefetch_40skip_1kElem ****
make pre-build main-build 
a9-linaro-pre-build-step
' '
'Building file: ../src/helloworld.c'
'Invoking: ARM v7 gcc compiler'
arm-none-eabi-gcc -Wall -O0 -g3 -c -fmessage-length=0 -MT"src/helloworld.o" -mcpu=cortex-a9 -mfpu=vfpv3 -mfloat-abi=hard -I../../skiplprefetch_40skip_1kElem_bsp/ps7_cortexa9_0/include -MMD -MP -MF"src/helloworld.d" -MT"src/helloworld.o" -o "src/helloworld.o" "../src/helloworld.c"
../src/helloworld.c: In function 'main':
../src/helloworld.c:148:16: warning: unused variable 'dummy_node' [-Wunused-variable]
   struct node *dummy_node = (struct node *)malloc(5*sizeof(struct node));
                ^
../src/helloworld.c:201:6: warning: unused variable 'sum' [-Wunused-variable]
  int sum = 0;
      ^
'Finished building: ../src/helloworld.c'
' '
'Building target: skiplprefetch_40skip_1kElem.elf'
'Invoking: ARM v7 gcc linker'
arm-none-eabi-gcc -mcpu=cortex-a9 -mfpu=vfpv3 -mfloat-abi=hard -Wl,-build-id=none -specs=Xilinx.spec -Wl,-T -Wl,../src/lscript.ld -L../../skiplprefetch_40skip_1kElem_bsp/ps7_cortexa9_0/lib -o "skiplprefetch_40skip_1kElem.elf"  ./src/helloworld.o ./src/platform.o   -Wl,--start-group,-lxil,-lgcc,-lc,--end-group
'Finished building target: skiplprefetch_40skip_1kElem.elf'
' '
'Invoking: ARM v7 Print Size'
arm-none-eabi-size skiplprefetch_40skip_1kElem.elf  |tee "skiplprefetch_40skip_1kElem.elf.size"
   text	   data	    bss	    dec	    hex	filename
  82420	   2596	20978480	21063496	1416748	skiplprefetch_40skip_1kElem.elf
'Finished building: skiplprefetch_40skip_1kElem.elf.size'
' '
16:50:32 **** Incremental Build of configuration Debug for project skiplprefetch_40skip_1kElem ****
make pre-build main-build 
a9-linaro-pre-build-step
' '
make: Nothing to be done for `main-build'.
16:50:56 **** Auto Build of configuration Debug for project skiplprefetch_40skip_1kElem ****
make pre-build main-build 
a9-linaro-pre-build-step
' '
'Building file: ../src/helloworld.c'
'Invoking: ARM v7 gcc compiler'
arm-none-eabi-gcc -Wall -O0 -g3 -c -fmessage-length=0 -MT"src/helloworld.o" -mcpu=cortex-a9 -mfpu=vfpv3 -mfloat-abi=hard -I../../skiplprefetch_40skip_1kElem_bsp/ps7_cortexa9_0/include -MMD -MP -MF"src/helloworld.d" -MT"src/helloworld.o" -o "src/helloworld.o" "../src/helloworld.c"
../src/helloworld.c: In function 'main':
../src/helloworld.c:148:16: warning: unused variable 'dummy_node' [-Wunused-variable]
   struct node *dummy_node = (struct node *)malloc(5*sizeof(struct node));
                ^
../src/helloworld.c:201:6: warning: unused variable 'sum' [-Wunused-variable]
  int sum = 0;
      ^
'Finished building: ../src/helloworld.c'
' '
'Building target: skiplprefetch_40skip_1kElem.elf'
'Invoking: ARM v7 gcc linker'
arm-none-eabi-gcc -mcpu=cortex-a9 -mfpu=vfpv3 -mfloat-abi=hard -Wl,-build-id=none -specs=Xilinx.spec -Wl,-T -Wl,../src/lscript.ld -L../../skiplprefetch_40skip_1kElem_bsp/ps7_cortexa9_0/lib -o "skiplprefetch_40skip_1kElem.elf"  ./src/helloworld.o ./src/platform.o   -Wl,--start-group,-lxil,-lgcc,-lc,--end-group
'Finished building target: skiplprefetch_40skip_1kElem.elf'
' '
'Invoking: ARM v7 Print Size'
arm-none-eabi-size skiplprefetch_40skip_1kElem.elf  |tee "skiplprefetch_40skip_1kElem.elf.size"
   text	   data	    bss	    dec	    hex	filename
  82420	   2596	20978480	21063496	1416748	skiplprefetch_40skip_1kElem.elf
'Finished building: skiplprefetch_40skip_1kElem.elf.size'
' '
16:51:00 **** Incremental Build of configuration Debug for project skiplprefetch_40skip_1kElem ****
make pre-build main-build 
a9-linaro-pre-build-step
' '
make: Nothing to be done for `main-build'.
16:51:36 **** Auto Build of configuration Debug for project skiplprefetch_40skip_1kElem ****
make pre-build main-build 
a9-linaro-pre-build-step
' '
'Building file: ../src/helloworld.c'
'Invoking: ARM v7 gcc compiler'
arm-none-eabi-gcc -Wall -O0 -g3 -c -fmessage-length=0 -MT"src/helloworld.o" -mcpu=cortex-a9 -mfpu=vfpv3 -mfloat-abi=hard -I../../skiplprefetch_40skip_1kElem_bsp/ps7_cortexa9_0/include -MMD -MP -MF"src/helloworld.d" -MT"src/helloworld.o" -o "src/helloworld.o" "../src/helloworld.c"
../src/helloworld.c: In function 'main':
../src/helloworld.c:148:16: warning: unused variable 'dummy_node' [-Wunused-variable]
   struct node *dummy_node = (struct node *)malloc(5*sizeof(struct node));
                ^
../src/helloworld.c:201:6: warning: unused variable 'sum' [-Wunused-variable]
  int sum = 0;
      ^
'Finished building: ../src/helloworld.c'
' '
'Building target: skiplprefetch_40skip_1kElem.elf'
'Invoking: ARM v7 gcc linker'
arm-none-eabi-gcc -mcpu=cortex-a9 -mfpu=vfpv3 -mfloat-abi=hard -Wl,-build-id=none -specs=Xilinx.spec -Wl,-T -Wl,../src/lscript.ld -L../../skiplprefetch_40skip_1kElem_bsp/ps7_cortexa9_0/lib -o "skiplprefetch_40skip_1kElem.elf"  ./src/helloworld.o ./src/platform.o   -Wl,--start-group,-lxil,-lgcc,-lc,--end-group
'Finished building target: skiplprefetch_40skip_1kElem.elf'
' '
'Invoking: ARM v7 Print Size'
arm-none-eabi-size skiplprefetch_40skip_1kElem.elf  |tee "skiplprefetch_40skip_1kElem.elf.size"
   text	   data	    bss	    dec	    hex	filename
  82420	   2596	20978480	21063496	1416748	skiplprefetch_40skip_1kElem.elf
'Finished building: skiplprefetch_40skip_1kElem.elf.size'
' '
16:51:56 **** Auto Build of configuration Debug for project skiplprefetch_40skip_1kElem ****
make pre-build main-build 
a9-linaro-pre-build-step
' '
'Building file: ../src/helloworld.c'
'Invoking: ARM v7 gcc compiler'
arm-none-eabi-gcc -Wall -O0 -g3 -c -fmessage-length=0 -MT"src/helloworld.o" -mcpu=cortex-a9 -mfpu=vfpv3 -mfloat-abi=hard -I../../skiplprefetch_40skip_1kElem_bsp/ps7_cortexa9_0/include -MMD -MP -MF"src/helloworld.d" -MT"src/helloworld.o" -o "src/helloworld.o" "../src/helloworld.c"
../src/helloworld.c: In function 'main':
../src/helloworld.c:148:16: warning: unused variable 'dummy_node' [-Wunused-variable]
   struct node *dummy_node = (struct node *)malloc(5*sizeof(struct node));
                ^
../src/helloworld.c:201:6: warning: unused variable 'sum' [-Wunused-variable]
  int sum = 0;
      ^
'Finished building: ../src/helloworld.c'
' '
'Building target: skiplprefetch_40skip_1kElem.elf'
'Invoking: ARM v7 gcc linker'
arm-none-eabi-gcc -mcpu=cortex-a9 -mfpu=vfpv3 -mfloat-abi=hard -Wl,-build-id=none -specs=Xilinx.spec -Wl,-T -Wl,../src/lscript.ld -L../../skiplprefetch_40skip_1kElem_bsp/ps7_cortexa9_0/lib -o "skiplprefetch_40skip_1kElem.elf"  ./src/helloworld.o ./src/platform.o   -Wl,--start-group,-lxil,-lgcc,-lc,--end-group
'Finished building target: skiplprefetch_40skip_1kElem.elf'
' '
'Invoking: ARM v7 Print Size'
arm-none-eabi-size skiplprefetch_40skip_1kElem.elf  |tee "skiplprefetch_40skip_1kElem.elf.size"
   text	   data	    bss	    dec	    hex	filename
  82420	   2596	20978480	21063496	1416748	skiplprefetch_40skip_1kElem.elf
'Finished building: skiplprefetch_40skip_1kElem.elf.size'
' '
16:52:01 **** Incremental Build of configuration Debug for project skiplprefetch_40skip_1kElem ****
make pre-build main-build 
a9-linaro-pre-build-step
' '
make: Nothing to be done for `main-build'.
16:52:20 **** Auto Build of configuration Debug for project skiplprefetch_40skip_1kElem ****
make pre-build main-build 
a9-linaro-pre-build-step
' '
'Building file: ../src/helloworld.c'
'Invoking: ARM v7 gcc compiler'
arm-none-eabi-gcc -Wall -O0 -g3 -c -fmessage-length=0 -MT"src/helloworld.o" -mcpu=cortex-a9 -mfpu=vfpv3 -mfloat-abi=hard -I../../skiplprefetch_40skip_1kElem_bsp/ps7_cortexa9_0/include -MMD -MP -MF"src/helloworld.d" -MT"src/helloworld.o" -o "src/helloworld.o" "../src/helloworld.c"
../src/helloworld.c: In function 'main':
../src/helloworld.c:148:16: warning: unused variable 'dummy_node' [-Wunused-variable]
   struct node *dummy_node = (struct node *)malloc(5*sizeof(struct node));
                ^
../src/helloworld.c:201:6: warning: unused variable 'sum' [-Wunused-variable]
  int sum = 0;
      ^
'Finished building: ../src/helloworld.c'
' '
'Building target: skiplprefetch_40skip_1kElem.elf'
'Invoking: ARM v7 gcc linker'
arm-none-eabi-gcc -mcpu=cortex-a9 -mfpu=vfpv3 -mfloat-abi=hard -Wl,-build-id=none -specs=Xilinx.spec -Wl,-T -Wl,../src/lscript.ld -L../../skiplprefetch_40skip_1kElem_bsp/ps7_cortexa9_0/lib -o "skiplprefetch_40skip_1kElem.elf"  ./src/helloworld.o ./src/platform.o   -Wl,--start-group,-lxil,-lgcc,-lc,--end-group
'Finished building target: skiplprefetch_40skip_1kElem.elf'
' '
'Invoking: ARM v7 Print Size'
arm-none-eabi-size skiplprefetch_40skip_1kElem.elf  |tee "skiplprefetch_40skip_1kElem.elf.size"
   text	   data	    bss	    dec	    hex	filename
  82388	   2596	20978480	21063464	1416728	skiplprefetch_40skip_1kElem.elf
'Finished building: skiplprefetch_40skip_1kElem.elf.size'
' '
16:52:22 **** Incremental Build of configuration Debug for project skiplprefetch_40skip_1kElem ****
make pre-build main-build 
a9-linaro-pre-build-step
' '
make: Nothing to be done for `main-build'.
16:52:28 **** Incremental Build of configuration Debug for project skiplprefetch_40skip_1kElem ****
make pre-build main-build 
a9-linaro-pre-build-step
' '
make: Nothing to be done for `main-build'.
16:52:32 **** Incremental Build of configuration Debug for project skiplprefetch_40skip_1kElem ****
make pre-build main-build 
a9-linaro-pre-build-step
' '
make: Nothing to be done for `main-build'.
16:52:44 **** Auto Build of configuration Debug for project skiplprefetch_40skip_1kElem ****
make pre-build main-build 
a9-linaro-pre-build-step
' '
'Building file: ../src/helloworld.c'
'Invoking: ARM v7 gcc compiler'
arm-none-eabi-gcc -Wall -O0 -g3 -c -fmessage-length=0 -MT"src/helloworld.o" -mcpu=cortex-a9 -mfpu=vfpv3 -mfloat-abi=hard -I../../skiplprefetch_40skip_1kElem_bsp/ps7_cortexa9_0/include -MMD -MP -MF"src/helloworld.d" -MT"src/helloworld.o" -o "src/helloworld.o" "../src/helloworld.c"
../src/helloworld.c: In function 'main':
../src/helloworld.c:148:16: warning: unused variable 'dummy_node' [-Wunused-variable]
   struct node *dummy_node = (struct node *)malloc(5*sizeof(struct node));
                ^
../src/helloworld.c:201:6: warning: unused variable 'sum' [-Wunused-variable]
  int sum = 0;
      ^
'Finished building: ../src/helloworld.c'
' '
'Building target: skiplprefetch_40skip_1kElem.elf'
'Invoking: ARM v7 gcc linker'
arm-none-eabi-gcc -mcpu=cortex-a9 -mfpu=vfpv3 -mfloat-abi=hard -Wl,-build-id=none -specs=Xilinx.spec -Wl,-T -Wl,../src/lscript.ld -L../../skiplprefetch_40skip_1kElem_bsp/ps7_cortexa9_0/lib -o "skiplprefetch_40skip_1kElem.elf"  ./src/helloworld.o ./src/platform.o   -Wl,--start-group,-lxil,-lgcc,-lc,--end-group
'Finished building target: skiplprefetch_40skip_1kElem.elf'
' '
'Invoking: ARM v7 Print Size'
arm-none-eabi-size skiplprefetch_40skip_1kElem.elf  |tee "skiplprefetch_40skip_1kElem.elf.size"
   text	   data	    bss	    dec	    hex	filename
  82396	   2596	20978480	21063472	1416730	skiplprefetch_40skip_1kElem.elf
'Finished building: skiplprefetch_40skip_1kElem.elf.size'
' '
16:52:46 **** Incremental Build of configuration Debug for project skiplprefetch_40skip_1kElem ****
make pre-build main-build 
a9-linaro-pre-build-step
' '
make: Nothing to be done for `main-build'.
16:52:51 **** Incremental Build of configuration Debug for project skiplprefetch_40skip_1kElem ****
make pre-build main-build 
a9-linaro-pre-build-step
' '
make: Nothing to be done for `main-build'.
16:52:55 **** Incremental Build of configuration Debug for project skiplprefetch_40skip_1kElem ****
make pre-build main-build 
a9-linaro-pre-build-step
' '
make: Nothing to be done for `main-build'.
16:52:59 **** Incremental Build of configuration Debug for project skiplprefetch_40skip_1kElem ****
make pre-build main-build 
a9-linaro-pre-build-step
' '
make: Nothing to be done for `main-build'.
16:54:39 **** Auto Build of configuration Debug for project skiplprefetch_40skip_1kElem ****
make pre-build main-build 
a9-linaro-pre-build-step
' '
'Building file: ../src/helloworld.c'
'Invoking: ARM v7 gcc compiler'
arm-none-eabi-gcc -Wall -O0 -g3 -c -fmessage-length=0 -MT"src/helloworld.o" -mcpu=cortex-a9 -mfpu=vfpv3 -mfloat-abi=hard -I../../skiplprefetch_40skip_1kElem_bsp/ps7_cortexa9_0/include -MMD -MP -MF"src/helloworld.d" -MT"src/helloworld.o" -o "src/helloworld.o" "../src/helloworld.c"
../src/helloworld.c: In function 'main':
../src/helloworld.c:148:16: warning: unused variable 'dummy_node' [-Wunused-variable]
   struct node *dummy_node = (struct node *)malloc(5*sizeof(struct node));
                ^
../src/helloworld.c:201:6: warning: unused variable 'sum' [-Wunused-variable]
  int sum = 0;
      ^
'Finished building: ../src/helloworld.c'
' '
'Building target: skiplprefetch_40skip_1kElem.elf'
'Invoking: ARM v7 gcc linker'
arm-none-eabi-gcc -mcpu=cortex-a9 -mfpu=vfpv3 -mfloat-abi=hard -Wl,-build-id=none -specs=Xilinx.spec -Wl,-T -Wl,../src/lscript.ld -L../../skiplprefetch_40skip_1kElem_bsp/ps7_cortexa9_0/lib -o "skiplprefetch_40skip_1kElem.elf"  ./src/helloworld.o ./src/platform.o   -Wl,--start-group,-lxil,-lgcc,-lc,--end-group
'Finished building target: skiplprefetch_40skip_1kElem.elf'
' '
'Invoking: ARM v7 Print Size'
arm-none-eabi-size skiplprefetch_40skip_1kElem.elf  |tee "skiplprefetch_40skip_1kElem.elf.size"
   text	   data	    bss	    dec	    hex	filename
  82396	   2596	20978480	21063472	1416730	skiplprefetch_40skip_1kElem.elf
'Finished building: skiplprefetch_40skip_1kElem.elf.size'
' '
16:54:52 **** Incremental Build of configuration Debug for project skiplprefetch_40skip_1kElem ****
make pre-build main-build 
a9-linaro-pre-build-step
' '
make: Nothing to be done for `main-build'.
16:54:56 **** Incremental Build of configuration Debug for project skiplprefetch_40skip_1kElem ****
make pre-build main-build 
a9-linaro-pre-build-step
' '
make: Nothing to be done for `main-build'.
16:55:00 **** Incremental Build of configuration Debug for project skiplprefetch_40skip_1kElem ****
make pre-build main-build 
a9-linaro-pre-build-step
' '
make: Nothing to be done for `main-build'.
16:55:04 **** Incremental Build of configuration Debug for project skiplprefetch_40skip_1kElem ****
make pre-build main-build 
a9-linaro-pre-build-step
' '
make: Nothing to be done for `main-build'.
16:55:22 **** Auto Build of configuration Debug for project skiplprefetch_40skip_1kElem ****
make pre-build main-build 
a9-linaro-pre-build-step
' '
'Building file: ../src/helloworld.c'
'Invoking: ARM v7 gcc compiler'
arm-none-eabi-gcc -Wall -O0 -g3 -c -fmessage-length=0 -MT"src/helloworld.o" -mcpu=cortex-a9 -mfpu=vfpv3 -mfloat-abi=hard -I../../skiplprefetch_40skip_1kElem_bsp/ps7_cortexa9_0/include -MMD -MP -MF"src/helloworld.d" -MT"src/helloworld.o" -o "src/helloworld.o" "../src/helloworld.c"
../src/helloworld.c: In function 'main':
../src/helloworld.c:148:16: warning: unused variable 'dummy_node' [-Wunused-variable]
   struct node *dummy_node = (struct node *)malloc(5*sizeof(struct node));
                ^
../src/helloworld.c:201:6: warning: unused variable 'sum' [-Wunused-variable]
  int sum = 0;
      ^
../src/helloworld.c:124:6: warning: unused variable 'count' [-Wunused-variable]
  int count = 0;
      ^
'Finished building: ../src/helloworld.c'
' '
'Building target: skiplprefetch_40skip_1kElem.elf'
'Invoking: ARM v7 gcc linker'
arm-none-eabi-gcc -mcpu=cortex-a9 -mfpu=vfpv3 -mfloat-abi=hard -Wl,-build-id=none -specs=Xilinx.spec -Wl,-T -Wl,../src/lscript.ld -L../../skiplprefetch_40skip_1kElem_bsp/ps7_cortexa9_0/lib -o "skiplprefetch_40skip_1kElem.elf"  ./src/helloworld.o ./src/platform.o   -Wl,--start-group,-lxil,-lgcc,-lc,--end-group
'Finished building target: skiplprefetch_40skip_1kElem.elf'
' '
'Invoking: ARM v7 Print Size'
arm-none-eabi-size skiplprefetch_40skip_1kElem.elf  |tee "skiplprefetch_40skip_1kElem.elf.size"
   text	   data	    bss	    dec	    hex	filename
  82268	   2596	20978480	21063344	14166b0	skiplprefetch_40skip_1kElem.elf
'Finished building: skiplprefetch_40skip_1kElem.elf.size'
' '
16:55:25 **** Incremental Build of configuration Debug for project skiplprefetch_40skip_1kElem ****
make pre-build main-build 
a9-linaro-pre-build-step
' '
make: Nothing to be done for `main-build'.
16:55:34 **** Incremental Build of configuration Debug for project skiplprefetch_40skip_1kElem ****
make pre-build main-build 
a9-linaro-pre-build-step
' '
make: Nothing to be done for `main-build'.
16:59:52 **** Auto Build of configuration Debug for project skiplprefetch_40skip_1kElem ****
make pre-build main-build 
a9-linaro-pre-build-step
' '
'Building file: ../src/helloworld.c'
'Invoking: ARM v7 gcc compiler'
arm-none-eabi-gcc -Wall -O0 -g3 -c -fmessage-length=0 -MT"src/helloworld.o" -mcpu=cortex-a9 -mfpu=vfpv3 -mfloat-abi=hard -I../../skiplprefetch_40skip_1kElem_bsp/ps7_cortexa9_0/include -MMD -MP -MF"src/helloworld.d" -MT"src/helloworld.o" -o "src/helloworld.o" "../src/helloworld.c"
../src/helloworld.c: In function 'main':
../src/helloworld.c:148:16: warning: unused variable 'dummy_node' [-Wunused-variable]
   struct node *dummy_node = (struct node *)malloc(5*sizeof(struct node));
                ^
../src/helloworld.c:201:6: warning: unused variable 'sum' [-Wunused-variable]
  int sum = 0;
      ^
'Finished building: ../src/helloworld.c'
' '
'Building target: skiplprefetch_40skip_1kElem.elf'
'Invoking: ARM v7 gcc linker'
arm-none-eabi-gcc -mcpu=cortex-a9 -mfpu=vfpv3 -mfloat-abi=hard -Wl,-build-id=none -specs=Xilinx.spec -Wl,-T -Wl,../src/lscript.ld -L../../skiplprefetch_40skip_1kElem_bsp/ps7_cortexa9_0/lib -o "skiplprefetch_40skip_1kElem.elf"  ./src/helloworld.o ./src/platform.o   -Wl,--start-group,-lxil,-lgcc,-lc,--end-group
'Finished building target: skiplprefetch_40skip_1kElem.elf'
' '
'Invoking: ARM v7 Print Size'
arm-none-eabi-size skiplprefetch_40skip_1kElem.elf  |tee "skiplprefetch_40skip_1kElem.elf.size"
   text	   data	    bss	    dec	    hex	filename
  82268	   2596	20978480	21063344	14166b0	skiplprefetch_40skip_1kElem.elf
'Finished building: skiplprefetch_40skip_1kElem.elf.size'
' '
16:59:55 **** Incremental Build of configuration Debug for project skiplprefetch_40skip_1kElem ****
make pre-build main-build 
a9-linaro-pre-build-step
' '
make: Nothing to be done for `main-build'.
17:00:00 **** Incremental Build of configuration Debug for project skiplprefetch_40skip_1kElem ****
make pre-build main-build 
a9-linaro-pre-build-step
' '
make: Nothing to be done for `main-build'.
17:00:05 **** Incremental Build of configuration Debug for project skiplprefetch_40skip_1kElem ****
make pre-build main-build 
[...]
'Finished building target: skiplprefetch_40skip_1kElem.elf'
' '
'Invoking: ARM v7 Print Size'
arm-none-eabi-size skiplprefetch_40skip_1kElem.elf  |tee "skiplprefetch_40skip_1kElem.elf.size"
   text	   data	    bss	    dec	    hex	filename
  82332	   2596	209722160	209807088	c8166f0	skiplprefetch_40skip_1kElem.elf
'Finished building: skiplprefetch_40skip_1kElem.elf.size'
' '
12:31:19 **** Incremental Build of configuration Debug for project skiplprefetch_40skip_1kElem ****
make pre-build main-build 
a9-linaro-pre-build-step
' '
make: Nothing to be done for `main-build'.
12:32:52 **** Clean-only build of configuration Debug for project skiplprefetch_40skip_1kElem ****
make clean 
rm -rf  ./src/helloworld.o ./src/platform.o  ./src/helloworld.d ./src/platform.d  skiplprefetch_40skip_1kElem.elf.size  skiplprefetch_40skip_1kElem.elf
' '
12:32:52 **** Auto Build of configuration Debug for project skiplprefetch_40skip_1kElem ****
make pre-build main-build 
a9-linaro-pre-build-step
' '
'Building file: ../src/helloworld.c'
'Invoking: ARM v7 gcc compiler'
arm-none-eabi-gcc -Wall -O3 -g3 -c -fmessage-length=0 -MT"src/helloworld.o" -mcpu=cortex-a9 -mfpu=vfpv3 -mfloat-abi=hard -I../../skiplprefetch_40skip_1kElem_bsp/ps7_cortexa9_0/include -MMD -MP -MF"src/helloworld.d" -MT"src/helloworld.o" -o "src/helloworld.o" "../src/helloworld.c"
../src/helloworld.c: In function 'main':
../src/helloworld.c:203:6: warning: unused variable 'sum' [-Wunused-variable]
  int sum = 0;
      ^
'Finished building: ../src/helloworld.c'
' '
'Building file: ../src/platform.c'
'Invoking: ARM v7 gcc compiler'
arm-none-eabi-gcc -Wall -O3 -g3 -c -fmessage-length=0 -MT"src/platform.o" -mcpu=cortex-a9 -mfpu=vfpv3 -mfloat-abi=hard -I../../skiplprefetch_40skip_1kElem_bsp/ps7_cortexa9_0/include -MMD -MP -MF"src/platform.d" -MT"src/platform.o" -o "src/platform.o" "../src/platform.c"
'Finished building: ../src/platform.c'
' '
'Building target: skiplprefetch_40skip_1kElem.elf'
'Invoking: ARM v7 gcc linker'
arm-none-eabi-gcc -mcpu=cortex-a9 -mfpu=vfpv3 -mfloat-abi=hard -Wl,-build-id=none -specs=Xilinx.spec -Wl,-T -Wl,../src/lscript.ld -L../../skiplprefetch_40skip_1kElem_bsp/ps7_cortexa9_0/lib -o "skiplprefetch_40skip_1kElem.elf"  ./src/helloworld.o ./src/platform.o   -Wl,--start-group,-lxil,-lgcc,-lc,--end-group
'Finished building target: skiplprefetch_40skip_1kElem.elf'
' '
'Invoking: ARM v7 Print Size'
arm-none-eabi-size skiplprefetch_40skip_1kElem.elf  |tee "skiplprefetch_40skip_1kElem.elf.size"
   text	   data	    bss	    dec	    hex	filename
  81656	   2596	209722160	209806412	c81644c	skiplprefetch_40skip_1kElem.elf
'Finished building: skiplprefetch_40skip_1kElem.elf.size'
' '
12:32:55 **** Incremental Build of configuration Debug for project skiplprefetch_40skip_1kElem ****
make pre-build main-build 
a9-linaro-pre-build-step
' '
make: Nothing to be done for `main-build'.
15:21:29 **** Auto Build of configuration Debug for project skiplprefetch_40skip_1kElem ****
make pre-build main-build 
a9-linaro-pre-build-step
' '
'Building file: ../src/helloworld.c'
'Invoking: ARM v7 gcc compiler'
arm-none-eabi-gcc -Wall -O3 -g3 -c -fmessage-length=0 -MT"src/helloworld.o" -mcpu=cortex-a9 -mfpu=vfpv3 -mfloat-abi=hard -I../../skiplprefetch_40skip_1kElem_bsp/ps7_cortexa9_0/include -MMD -MP -MF"src/helloworld.d" -MT"src/helloworld.o" -o "src/helloworld.o" "../src/helloworld.c"
../src/helloworld.c: In function 'main':
../src/helloworld.c:203:6: warning: unused variable 'sum' [-Wunused-variable]
  int sum = 0;
      ^
'Finished building: ../src/helloworld.c'
' '
'Building target: skiplprefetch_40skip_1kElem.elf'
'Invoking: ARM v7 gcc linker'
arm-none-eabi-gcc -mcpu=cortex-a9 -mfpu=vfpv3 -mfloat-abi=hard -Wl,-build-id=none -specs=Xilinx.spec -Wl,-T -Wl,../src/lscript.ld -L../../skiplprefetch_40skip_1kElem_bsp/ps7_cortexa9_0/lib -o "skiplprefetch_40skip_1kElem.elf"  ./src/helloworld.o ./src/platform.o   -Wl,--start-group,-lxil,-lgcc,-lc,--end-group
'Finished building target: skiplprefetch_40skip_1kElem.elf'
' '
'Invoking: ARM v7 Print Size'
arm-none-eabi-size skiplprefetch_40skip_1kElem.elf  |tee "skiplprefetch_40skip_1kElem.elf.size"
   text	   data	    bss	    dec	    hex	filename
  81692	   2596	209722160	209806448	c816470	skiplprefetch_40skip_1kElem.elf
'Finished building: skiplprefetch_40skip_1kElem.elf.size'
' '
15:21:35 **** Incremental Build of configuration Debug for project skiplprefetch_40skip_1kElem ****
make pre-build main-build 
a9-linaro-pre-build-step
' '
make: Nothing to be done for `main-build'.
15:23:09 **** Incremental Build of configuration Debug for project skiplprefetch_40skip_1kElem ****
make pre-build main-build 
a9-linaro-pre-build-step
' '
make: Nothing to be done for `main-build'.
15:23:18 **** Auto Build of configuration Debug for project skiplprefetch_40skip_1kElem ****
make pre-build main-build 
a9-linaro-pre-build-step
' '
'Building file: ../src/helloworld.c'
'Invoking: ARM v7 gcc compiler'
arm-none-eabi-gcc -Wall -O3 -g3 -c -fmessage-length=0 -MT"src/helloworld.o" -mcpu=cortex-a9 -mfpu=vfpv3 -mfloat-abi=hard -I../../skiplprefetch_40skip_1kElem_bsp/ps7_cortexa9_0/include -MMD -MP -MF"src/helloworld.d" -MT"src/helloworld.o" -o "src/helloworld.o" "../src/helloworld.c"
../src/helloworld.c: In function 'main':
../src/helloworld.c:203:6: warning: unused variable 'sum' [-Wunused-variable]
  int sum = 0;
      ^
'Finished building: ../src/helloworld.c'
' '
'Building target: skiplprefetch_40skip_1kElem.elf'
'Invoking: ARM v7 gcc linker'
arm-none-eabi-gcc -mcpu=cortex-a9 -mfpu=vfpv3 -mfloat-abi=hard -Wl,-build-id=none -specs=Xilinx.spec -Wl,-T -Wl,../src/lscript.ld -L../../skiplprefetch_40skip_1kElem_bsp/ps7_cortexa9_0/lib -o "skiplprefetch_40skip_1kElem.elf"  ./src/helloworld.o ./src/platform.o   -Wl,--start-group,-lxil,-lgcc,-lc,--end-group
'Finished building target: skiplprefetch_40skip_1kElem.elf'
' '
'Invoking: ARM v7 Print Size'
arm-none-eabi-size skiplprefetch_40skip_1kElem.elf  |tee "skiplprefetch_40skip_1kElem.elf.size"
   text	   data	    bss	    dec	    hex	filename
  81656	   2596	209722160	209806412	c81644c	skiplprefetch_40skip_1kElem.elf
'Finished building: skiplprefetch_40skip_1kElem.elf.size'
' '
15:23:21 **** Incremental Build of configuration Debug for project skiplprefetch_40skip_1kElem ****
make pre-build main-build 
a9-linaro-pre-build-step
' '
make: Nothing to be done for `main-build'.
15:23:49 **** Incremental Build of configuration Debug for project skiplprefetch_40skip_1kElem ****
make pre-build main-build 
a9-linaro-pre-build-step
' '
make: Nothing to be done for `main-build'.
15:23:57 **** Incremental Build of configuration Debug for project skiplprefetch_40skip_1kElem ****
make pre-build main-build 
a9-linaro-pre-build-step
' '
make: Nothing to be done for `main-build'.
15:24:07 **** Incremental Build of configuration Debug for project skiplprefetch_40skip_1kElem ****
make pre-build main-build 
a9-linaro-pre-build-step
' '
make: Nothing to be done for `main-build'.
15:24:12 **** Incremental Build of configuration Debug for project skiplprefetch_40skip_1kElem ****
make pre-build main-build 
a9-linaro-pre-build-step
' '
make: Nothing to be done for `main-build'.
15:24:18 **** Incremental Build of configuration Debug for project skiplprefetch_40skip_1kElem ****
make pre-build main-build 
a9-linaro-pre-build-step
' '
make: Nothing to be done for `main-build'.
15:24:24 **** Incremental Build of configuration Debug for project skiplprefetch_40skip_1kElem ****
make pre-build main-build 
a9-linaro-pre-build-step
' '
make: Nothing to be done for `main-build'.
15:24:29 **** Incremental Build of configuration Debug for project skiplprefetch_40skip_1kElem ****
make pre-build main-build 
a9-linaro-pre-build-step
' '
make: Nothing to be done for `main-build'.
15:24:38 **** Incremental Build of configuration Debug for project skiplprefetch_40skip_1kElem ****
make pre-build main-build 
a9-linaro-pre-build-step
' '
make: Nothing to be done for `main-build'.
15:25:13 **** Auto Build of configuration Debug for project skiplprefetch_40skip_1kElem ****
make pre-build main-build 
a9-linaro-pre-build-step
' '
'Building file: ../src/helloworld.c'
'Invoking: ARM v7 gcc compiler'
arm-none-eabi-gcc -Wall -O3 -g3 -c -fmessage-length=0 -MT"src/helloworld.o" -mcpu=cortex-a9 -mfpu=vfpv3 -mfloat-abi=hard -I../../skiplprefetch_40skip_1kElem_bsp/ps7_cortexa9_0/include -MMD -MP -MF"src/helloworld.d" -MT"src/helloworld.o" -o "src/helloworld.o" "../src/helloworld.c"
../src/helloworld.c: In function 'main':
../src/helloworld.c:203:6: warning: unused variable 'sum' [-Wunused-variable]
  int sum = 0;
      ^
'Finished building: ../src/helloworld.c'
' '
'Building target: skiplprefetch_40skip_1kElem.elf'
'Invoking: ARM v7 gcc linker'
arm-none-eabi-gcc -mcpu=cortex-a9 -mfpu=vfpv3 -mfloat-abi=hard -Wl,-build-id=none -specs=Xilinx.spec -Wl,-T -Wl,../src/lscript.ld -L../../skiplprefetch_40skip_1kElem_bsp/ps7_cortexa9_0/lib -o "skiplprefetch_40skip_1kElem.elf"  ./src/helloworld.o ./src/platform.o   -Wl,--start-group,-lxil,-lgcc,-lc,--end-group
'Finished building target: skiplprefetch_40skip_1kElem.elf'
' '
'Invoking: ARM v7 Print Size'
arm-none-eabi-size skiplprefetch_40skip_1kElem.elf  |tee "skiplprefetch_40skip_1kElem.elf.size"
   text	   data	    bss	    dec	    hex	filename
  81660	   2596	209722160	209806416	c816450	skiplprefetch_40skip_1kElem.elf
'Finished building: skiplprefetch_40skip_1kElem.elf.size'
' '
15:25:19 **** Auto Build of configuration Debug for project skiplprefetch_40skip_1kElem ****
make pre-build main-build 
a9-linaro-pre-build-step
' '
'Building file: ../src/helloworld.c'
'Invoking: ARM v7 gcc compiler'
arm-none-eabi-gcc -Wall -O3 -g3 -c -fmessage-length=0 -MT"src/helloworld.o" -mcpu=cortex-a9 -mfpu=vfpv3 -mfloat-abi=hard -I../../skiplprefetch_40skip_1kElem_bsp/ps7_cortexa9_0/include -MMD -MP -MF"src/helloworld.d" -MT"src/helloworld.o" -o "src/helloworld.o" "../src/helloworld.c"
../src/helloworld.c: In function 'main':
../src/helloworld.c:203:6: warning: unused variable 'sum' [-Wunused-variable]
  int sum = 0;
      ^
'Finished building: ../src/helloworld.c'
' '
'Building target: skiplprefetch_40skip_1kElem.elf'
'Invoking: ARM v7 gcc linker'
arm-none-eabi-gcc -mcpu=cortex-a9 -mfpu=vfpv3 -mfloat-abi=hard -Wl,-build-id=none -specs=Xilinx.spec -Wl,-T -Wl,../src/lscript.ld -L../../skiplprefetch_40skip_1kElem_bsp/ps7_cortexa9_0/lib -o "skiplprefetch_40skip_1kElem.elf"  ./src/helloworld.o ./src/platform.o   -Wl,--start-group,-lxil,-lgcc,-lc,--end-group
'Finished building target: skiplprefetch_40skip_1kElem.elf'
' '
'Invoking: ARM v7 Print Size'
arm-none-eabi-size skiplprefetch_40skip_1kElem.elf  |tee "skiplprefetch_40skip_1kElem.elf.size"
   text	   data	    bss	    dec	    hex	filename
  81608	   2596	209722160	209806364	c81641c	skiplprefetch_40skip_1kElem.elf
'Finished building: skiplprefetch_40skip_1kElem.elf.size'
' '
15:25:23 **** Incremental Build of configuration Debug for project skiplprefetch_40skip_1kElem ****
make pre-build main-build 
a9-linaro-pre-build-step
' '
make: Nothing to be done for `main-build'.
15:26:39 **** Auto Build of configuration Debug for project skiplprefetch_40skip_1kElem ****
make pre-build main-build 
a9-linaro-pre-build-step
' '
'Building file: ../src/helloworld.c'
'Invoking: ARM v7 gcc compiler'
arm-none-eabi-gcc -Wall -O3 -g3 -c -fmessage-length=0 -MT"src/helloworld.o" -mcpu=cortex-a9 -mfpu=vfpv3 -mfloat-abi=hard -I../../skiplprefetch_40skip_1kElem_bsp/ps7_cortexa9_0/include -MMD -MP -MF"src/helloworld.d" -MT"src/helloworld.o" -o "src/helloworld.o" "../src/helloworld.c"
../src/helloworld.c: In function 'main':
../src/helloworld.c:203:6: warning: unused variable 'sum' [-Wunused-variable]
  int sum = 0;
      ^
'Finished building: ../src/helloworld.c'
' '
'Building target: skiplprefetch_40skip_1kElem.elf'
'Invoking: ARM v7 gcc linker'
arm-none-eabi-gcc -mcpu=cortex-a9 -mfpu=vfpv3 -mfloat-abi=hard -Wl,-build-id=none -specs=Xilinx.spec -Wl,-T -Wl,../src/lscript.ld -L../../skiplprefetch_40skip_1kElem_bsp/ps7_cortexa9_0/lib -o "skiplprefetch_40skip_1kElem.elf"  ./src/helloworld.o ./src/platform.o   -Wl,--start-group,-lxil,-lgcc,-lc,--end-group
'Finished building target: skiplprefetch_40skip_1kElem.elf'
' '
'Invoking: ARM v7 Print Size'
arm-none-eabi-size skiplprefetch_40skip_1kElem.elf  |tee "skiplprefetch_40skip_1kElem.elf.size"
   text	   data	    bss	    dec	    hex	filename
  81604	   2596	209722160	209806360	c816418	skiplprefetch_40skip_1kElem.elf
'Finished building: skiplprefetch_40skip_1kElem.elf.size'
' '
15:26:41 **** Incremental Build of configuration Debug for project skiplprefetch_40skip_1kElem ****
make pre-build main-build 
a9-linaro-pre-build-step
' '
make: Nothing to be done for `main-build'.
15:27:34 **** Incremental Build of configuration Debug for project skiplprefetch_40skip_1kElem ****
make pre-build main-build 
a9-linaro-pre-build-step
' '
make: Nothing to be done for `main-build'.
15:27:40 **** Incremental Build of configuration Debug for project skiplprefetch_40skip_1kElem ****
make pre-build main-build 
a9-linaro-pre-build-step
' '
make: Nothing to be done for `main-build'.
15:27:47 **** Incremental Build of configuration Debug for project skiplprefetch_40skip_1kElem ****
make pre-build main-build 
a9-linaro-pre-build-step
' '
make: Nothing to be done for `main-build'.
15:27:51 **** Incremental Build of configuration Debug for project skiplprefetch_40skip_1kElem ****
make pre-build main-build 
a9-linaro-pre-build-step
' '
make: Nothing to be done for `main-build'.
15:27:55 **** Incremental Build of configuration Debug for project skiplprefetch_40skip_1kElem ****
make pre-build main-build 
a9-linaro-pre-build-step
' '
make: Nothing to be done for `main-build'.
15:28:00 **** Incremental Build of configuration Debug for project skiplprefetch_40skip_1kElem ****
make pre-build main-build 
a9-linaro-pre-build-step
' '
make: Nothing to be done for `main-build'.
15:28:41 **** Auto Build of configuration Debug for project skiplprefetch_40skip_1kElem ****
make pre-build main-build 
a9-linaro-pre-build-step
' '
'Building file: ../src/helloworld.c'
'Invoking: ARM v7 gcc compiler'
arm-none-eabi-gcc -Wall -O3 -g3 -c -fmessage-length=0 -MT"src/helloworld.o" -mcpu=cortex-a9 -mfpu=vfpv3 -mfloat-abi=hard -I../../skiplprefetch_40skip_1kElem_bsp/ps7_cortexa9_0/include -MMD -MP -MF"src/helloworld.d" -MT"src/helloworld.o" -o "src/helloworld.o" "../src/helloworld.c"
../src/helloworld.c: In function 'main':
../src/helloworld.c:203:6: warning: unused variable 'sum' [-Wunused-variable]
  int sum = 0;
      ^
'Finished building: ../src/helloworld.c'
' '
'Building target: skiplprefetch_40skip_1kElem.elf'
'Invoking: ARM v7 gcc linker'
arm-none-eabi-gcc -mcpu=cortex-a9 -mfpu=vfpv3 -mfloat-abi=hard -Wl,-build-id=none -specs=Xilinx.spec -Wl,-T -Wl,../src/lscript.ld -L../../skiplprefetch_40skip_1kElem_bsp/ps7_cortexa9_0/lib -o "skiplprefetch_40skip_1kElem.elf"  ./src/helloworld.o ./src/platform.o   -Wl,--start-group,-lxil,-lgcc,-lc,--end-group
'Finished building target: skiplprefetch_40skip_1kElem.elf'
' '
'Invoking: ARM v7 Print Size'
arm-none-eabi-size skiplprefetch_40skip_1kElem.elf  |tee "skiplprefetch_40skip_1kElem.elf.size"
   text	   data	    bss	    dec	    hex	filename
  81608	   2596	209722160	209806364	c81641c	skiplprefetch_40skip_1kElem.elf
'Finished building: skiplprefetch_40skip_1kElem.elf.size'
' '
15:28:44 **** Incremental Build of configuration Debug for project skiplprefetch_40skip_1kElem ****
make pre-build main-build 
a9-linaro-pre-build-step
' '
make: Nothing to be done for `main-build'.
15:28:54 **** Auto Build of configuration Debug for project skiplprefetch_40skip_1kElem ****
make pre-build main-build 
a9-linaro-pre-build-step
' '
'Building file: ../src/helloworld.c'
'Invoking: ARM v7 gcc compiler'
arm-none-eabi-gcc -Wall -O3 -g3 -c -fmessage-length=0 -MT"src/helloworld.o" -mcpu=cortex-a9 -mfpu=vfpv3 -mfloat-abi=hard -I../../skiplprefetch_40skip_1kElem_bsp/ps7_cortexa9_0/include -MMD -MP -MF"src/helloworld.d" -MT"src/helloworld.o" -o "src/helloworld.o" "../src/helloworld.c"
../src/helloworld.c: In function 'main':
../src/helloworld.c:203:6: warning: unused variable 'sum' [-Wunused-variable]
  int sum = 0;
      ^
'Finished building: ../src/helloworld.c'
' '
'Building target: skiplprefetch_40skip_1kElem.elf'
'Invoking: ARM v7 gcc linker'
arm-none-eabi-gcc -mcpu=cortex-a9 -mfpu=vfpv3 -mfloat-abi=hard -Wl,-build-id=none -specs=Xilinx.spec -Wl,-T -Wl,../src/lscript.ld -L../../skiplprefetch_40skip_1kElem_bsp/ps7_cortexa9_0/lib -o "skiplprefetch_40skip_1kElem.elf"  ./src/helloworld.o ./src/platform.o   -Wl,--start-group,-lxil,-lgcc,-lc,--end-group
'Finished building target: skiplprefetch_40skip_1kElem.elf'
' '
'Invoking: ARM v7 Print Size'
arm-none-eabi-size skiplprefetch_40skip_1kElem.elf  |tee "skiplprefetch_40skip_1kElem.elf.size"
   text	   data	    bss	    dec	    hex	filename
  81716	   2596	209722160	209806472	c816488	skiplprefetch_40skip_1kElem.elf
'Finished building: skiplprefetch_40skip_1kElem.elf.size'
' '
15:28:58 **** Incremental Build of configuration Debug for project skiplprefetch_40skip_1kElem ****
make pre-build main-build 
a9-linaro-pre-build-step
' '
make: Nothing to be done for `main-build'.
15:30:08 **** Incremental Build of configuration Debug for project skiplprefetch_40skip_1kElem ****
make pre-build main-build 
a9-linaro-pre-build-step
' '
make: Nothing to be done for `main-build'.
15:30:42 **** Auto Build of configuration Debug for project skiplprefetch_40skip_1kElem ****
make pre-build main-build 
a9-linaro-pre-build-step
' '
'Building file: ../src/helloworld.c'
'Invoking: ARM v7 gcc compiler'
arm-none-eabi-gcc -Wall -O3 -g3 -c -fmessage-length=0 -MT"src/helloworld.o" -mcpu=cortex-a9 -mfpu=vfpv3 -mfloat-abi=hard -I../../skiplprefetch_40skip_1kElem_bsp/ps7_cortexa9_0/include -MMD -MP -MF"src/helloworld.d" -MT"src/helloworld.o" -o "src/helloworld.o" "../src/helloworld.c"
../src/helloworld.c: In function 'main':
../src/helloworld.c:203:6: warning: unused variable 'sum' [-Wunused-variable]
  int sum = 0;
      ^
'Finished building: ../src/helloworld.c'
' '
'Building target: skiplprefetch_40skip_1kElem.elf'
'Invoking: ARM v7 gcc linker'
arm-none-eabi-gcc -mcpu=cortex-a9 -mfpu=vfpv3 -mfloat-abi=hard -Wl,-build-id=none -specs=Xilinx.spec -Wl,-T -Wl,../src/lscript.ld -L../../skiplprefetch_40skip_1kElem_bsp/ps7_cortexa9_0/lib -o "skiplprefetch_40skip_1kElem.elf"  ./src/helloworld.o ./src/platform.o   -Wl,--start-group,-lxil,-lgcc,-lc,--end-group
'Finished building target: skiplprefetch_40skip_1kElem.elf'
' '
'Invoking: ARM v7 Print Size'
arm-none-eabi-size skiplprefetch_40skip_1kElem.elf  |tee "skiplprefetch_40skip_1kElem.elf.size"
   text	   data	    bss	    dec	    hex	filename
  81660	   2596	209722160	209806416	c816450	skiplprefetch_40skip_1kElem.elf
'Finished building: skiplprefetch_40skip_1kElem.elf.size'
' '
15:30:45 **** Incremental Build of configuration Debug for project skiplprefetch_40skip_1kElem ****
make pre-build main-build 
a9-linaro-pre-build-step
' '
make: Nothing to be done for `main-build'.
15:31:49 **** Incremental Build of configuration Debug for project skiplprefetch_40skip_1kElem ****
make pre-build main-build 
a9-linaro-pre-build-step
' '
make: Nothing to be done for `main-build'.
15:32:38 **** Incremental Build of configuration Debug for project skiplprefetch_40skip_1kElem ****
make pre-build main-build 
a9-linaro-pre-build-step
' '
make: Nothing to be done for `main-build'.
15:33:00 **** Incremental Build of configuration Debug for project skiplprefetch_40skip_1kElem ****
make pre-build main-build 
a9-linaro-pre-build-step
' '
make: Nothing to be done for `main-build'.
15:33:28 **** Incremental Build of configuration Debug for project skiplprefetch_40skip_1kElem ****
make pre-build main-build 
a9-linaro-pre-build-step
' '
make: Nothing to be done for `main-build'.
