#-----------------------------------------------------------
# Webtalk v2016.3 (64-bit)
# SW Build 1682563 on Mon Oct 10 19:07:27 MDT 2016
# IP Build 1681267 on Mon Oct 10 21:28:31 MDT 2016
# Start of session at: Thu Jul 30 11:51:50 2020
# Process ID: 9672
# Current directory: A:/COMP_ARCH/PYNQ_Projects/Vivado_prj/1ARREADY_for4addrs_prefetch/1ARREADY_for4addrs_prefetch.sim/sim_1/behav
# Command line: wbtcv.exe -mode batch -source A:/COMP_ARCH/PYNQ_Projects/Vivado_prj/1ARREADY_for4addrs_prefetch/1ARREADY_for4addrs_prefetch.sim/sim_1/behav/xsim.dir/simple_AXI_TestBench_behav/webtalk/xsim_webtalk.tcl -notrace
# Log file: A:/COMP_ARCH/PYNQ_Projects/Vivado_prj/1ARREADY_for4addrs_prefetch/1ARREADY_for4addrs_prefetch.sim/sim_1/behav/webtalk.log
# Journal file: A:/COMP_ARCH/PYNQ_Projects/Vivado_prj/1ARREADY_for4addrs_prefetch/1ARREADY_for4addrs_prefetch.sim/sim_1/behav\webtalk.jou
#-----------------------------------------------------------
source A:/COMP_ARCH/PYNQ_Projects/Vivado_prj/1ARREADY_for4addrs_prefetch/1ARREADY_for4addrs_prefetch.sim/sim_1/behav/xsim.dir/simple_AXI_TestBench_behav/webtalk/xsim_webtalk.tcl -notrace
