15:36:17 **** Auto Build of configuration Debug for project PS_alone ****
make pre-build main-build 
a9-linaro-pre-build-step
' '
'Building file: ../src/helloworld.c'
'Invoking: ARM v7 gcc compiler'
arm-none-eabi-gcc -Wall -O0 -g3 -c -fmessage-length=0 -MT"src/helloworld.o" -mcpu=cortex-a9 -mfpu=vfpv3 -mfloat-abi=hard -I../../PS_alone_bsp/ps7_cortexa9_0/include -MMD -MP -MF"src/helloworld.d" -MT"src/helloworld.o" -o "src/helloworld.o" "../src/helloworld.c"
../src/helloworld.c: In function 'main':
../src/helloworld.c:132:16: warning: unused variable 'dummy_node' [-Wunused-variable]
   struct node *dummy_node = (struct node *)malloc(5*sizeof(struct node));
                ^
../src/helloworld.c:185:6: warning: unused variable 'sum' [-Wunused-variable]
  int sum = 0;
      ^
../src/helloworld.c:184:15: warning: unused variable 'old_temp1' [-Wunused-variable]
  struct node *old_temp1 = NULL;
               ^
'Finished building: ../src/helloworld.c'
' '
'Building target: PS_alone.elf'
'Invoking: ARM v7 gcc linker'
arm-none-eabi-gcc -mcpu=cortex-a9 -mfpu=vfpv3 -mfloat-abi=hard -Wl,-build-id=none -specs=Xilinx.spec -Wl,-T -Wl,../src/lscript.ld -L../../PS_alone_bsp/ps7_cortexa9_0/lib -o "PS_alone.elf"  ./src/helloworld.o ./src/platform.o   -Wl,--start-group,-lxil,-lgcc,-lc,--end-group
'Finished building target: PS_alone.elf'
' '
'Invoking: ARM v7 Print Size'
arm-none-eabi-size PS_alone.elf  |tee "PS_alone.elf.size"
   text	   data	    bss	    dec	    hex	filename
  82108	   2596	20978480	21063184	1416610	PS_alone.elf
'Finished building: PS_alone.elf.size'
' '

15:36:18 Build Finished (took 1s.318ms)

