

================================================================
== Vivado HLS Report for 'skipprefetch_Nelem'
================================================================
* Date:           Wed Aug 19 16:15:23 2020

* Version:        2016.3 (Build 1682563 on Mon Oct 10 19:41:59 MDT 2016)
* Project:        skipprefetch_Nelem
* Solution:       solution1
* Product family: zynq
* Target device:  xc7z020clg400-1


================================================================
== Performance Estimates
================================================================
+ Timing (ns): 
    * Summary: 
    +--------+-------+----------+------------+
    |  Clock | Target| Estimated| Uncertainty|
    +--------+-------+----------+------------+
    |ap_clk  |  10.00|     13.90|        1.25|
    +--------+-------+----------+------------+

+ Latency (clock cycles): 
    * Summary: 
    +-----+-----+-----+-----+---------+
    |  Latency  |  Interval | Pipeline|
    | min | max | min | max |   Type  |
    +-----+-----+-----+-----+---------+
    |    ?|    ?|    ?|    ?|   none  |
    +-----+-----+-----+-----+---------+

    + Detail: 
        * Instance: 
        N/A

        * Loop: 
        +-------------+-----+------------+----------+-----------+-----------+---------------+----------+
        |             |      Latency     | Iteration|  Initiation Interval  |      Trip     |          |
        |  Loop Name  | min |     max    |  Latency |  achieved |   target  |     Count     | Pipelined|
        +-------------+-----+------------+----------+-----------+-----------+---------------+----------+
        |- Loop 1     |    0|   472446392|        11|          -|          -|  0 ~ 42949672 |    no    |
        |- Loop 2     |    0|  4735201338|         9|          9|          1| 0 ~ 526133482 |    yes   |
        |- Loop 3     |    ?|           ?|         ?|          -|          -|             49|    no    |
        | + Loop 3.1  |    ?|           ?|         9|          9|          1|              ?|    yes   |
        |- Loop 4     |    ?|           ?|         ?|          -|          -|             49|    no    |
        | + Loop 4.1  |    ?|           ?|         9|          9|          1|              ?|    yes   |
        |- Loop 5     |    ?|           ?|         9|          9|          1|              ?|    yes   |
        +-------------+-----+------------+----------+-----------+-----------+---------------+----------+



================================================================
== Utilization Estimates
================================================================
* Summary: 
+-----------------+---------+-------+--------+-------+
|       Name      | BRAM_18K| DSP48E|   FF   |  LUT  |
+-----------------+---------+-------+--------+-------+
|DSP              |        -|      -|       -|      -|
|Expression       |        -|      1|       0|    917|
|FIFO             |        -|      -|       -|      -|
|Instance         |        8|      6|    1244|   1700|
|Memory           |       32|      -|       0|      0|
|Multiplexer      |        -|      -|       -|    495|
|Register         |        -|      -|    1158|      -|
+-----------------+---------+-------+--------+-------+
|Total            |       40|      7|    2402|   3112|
+-----------------+---------+-------+--------+-------+
|Available        |      280|    220|  106400|  53200|
+-----------------+---------+-------+--------+-------+
|Utilization (%)  |       14|      3|       2|      5|
+-----------------+---------+-------+--------+-------+

+ Detail: 
    * Instance: 
    +----------------------------------------+--------------------------------------+---------+-------+-----+-----+
    |                Instance                |                Module                | BRAM_18K| DSP48E|  FF | LUT |
    +----------------------------------------+--------------------------------------+---------+-------+-----+-----+
    |skipprefetch_Nelecud_U0                 |skipprefetch_Nelecud                  |        0|      4|    0|    0|
    |skipprefetch_NeledEe_U1                 |skipprefetch_NeledEe                  |        0|      2|    0|    0|
    |skipprefetch_Nelem_A_BUS_m_axi_U        |skipprefetch_Nelem_A_BUS_m_axi        |        4|      0|  566|  766|
    |skipprefetch_Nelem_CFG_s_axi_U          |skipprefetch_Nelem_CFG_s_axi          |        0|      0|  112|  168|
    |skipprefetch_Nelem_PREF_WINDOW_m_axi_U  |skipprefetch_Nelem_PREF_WINDOW_m_axi  |        4|      0|  566|  766|
    +----------------------------------------+--------------------------------------+---------+-------+-----+-----+
    |Total                                   |                                      |        8|      6| 1244| 1700|
    +----------------------------------------+--------------------------------------+---------+-------+-----+-----+

    * DSP48: 
    N/A

    * Memory: 
    +--------+----------------------+---------+---+----+-------+-----+------+-------------+
    | Memory |        Module        | BRAM_18K| FF| LUT| Words | Bits| Banks| W*Bits*Banks|
    +--------+----------------------+---------+---+----+-------+-----+------+-------------+
    |buff_U  |skipprefetch_Nelebkb  |       32|  0|   0|  10000|   32|     1|       320000|
    +--------+----------------------+---------+---+----+-------+-----+------+-------------+
    |Total   |                      |       32|  0|   0|  10000|   32|     1|       320000|
    +--------+----------------------+---------+---+----+-------+-----+------+-------------+

    * FIFO: 
    N/A

    * Expression: 
    +--------------------------------+----------+-------+---+----+------------+------------+
    |          Variable Name         | Operation| DSP48E| FF| LUT| Bitwidth P0| Bitwidth P1|
    +--------------------------------+----------+-------+---+----+------------+------------+
    |bound_fu_562_p2                 |     *    |      1|  0|   1|          25|           6|
    |a2_sum1_fu_554_p2               |     +    |      0|  0|  32|          32|          32|
    |cum_offs_1_fu_597_p2            |     +    |      0|  0|  32|          32|          32|
    |grp_fu_356_p2                   |     +    |      0|  0|  32|          32|          32|
    |i_1_fu_548_p2                   |     +    |      0|  0|  26|          26|           1|
    |i_4_fu_636_p2                   |     +    |      0|  0|  24|          24|           1|
    |i_5_fu_698_p2                   |     +    |      0|  0|  25|          25|           1|
    |i_6_fu_746_p2                   |     +    |      0|  0|  26|          26|           1|
    |i_7_fu_813_p2                   |     +    |      0|  0|  27|          27|           1|
    |indvar_flatten_next8_fu_789_p2  |     +    |      0|  0|  33|          33|           1|
    |indvar_flatten_next_fu_617_p2   |     +    |      0|  0|  31|          31|           1|
    |j_1_fu_721_p2                   |     +    |      0|  0|   6|           6|           1|
    |j_fu_666_p2                     |     +    |      0|  0|   6|           6|           1|
    |tmp_11_fu_756_p2                |     +    |      0|  0|  32|          32|          32|
    |tmp_14_fu_823_p2                |     +    |      0|  0|  32|          32|          32|
    |tmp_2_fu_577_p2                 |     +    |      0|  0|  32|          32|          32|
    |tmp_6_fu_708_p2                 |     +    |      0|  0|  32|          32|          32|
    |tmp_s_fu_646_p2                 |     +    |      0|  0|  32|          32|          32|
    |i_3_fu_679_p2                   |     -    |      0|  0|  27|          27|          27|
    |neg_mul7_fu_457_p2              |     -    |      0|  0|  65|           1|          65|
    |neg_ti1_fu_478_p2               |     -    |      0|  0|  27|           1|          27|
    |neg_ti_fu_514_p2                |     -    |      0|  0|  32|           1|          32|
    |tmp_38_fu_769_p2                |     -    |      0|  0|  27|          27|          27|
    |exitcond1_fu_715_p2             |   icmp   |      0|  0|   3|           6|           5|
    |exitcond2_fu_660_p2             |   icmp   |      0|  0|   3|           6|           5|
    |exitcond_flatten9_fu_784_p2     |   icmp   |      0|  0|  11|          33|          33|
    |exitcond_flatten_fu_612_p2      |   icmp   |      0|  0|  11|          31|          31|
    |tmp_37_fu_727_p2                |   icmp   |      0|  0|   9|          27|           8|
    |tmp_39_fu_795_p2                |   icmp   |      0|  0|   9|          27|           8|
    |tmp_4_fu_688_p2                 |   icmp   |      0|  0|   9|          26|          26|
    |tmp_7_fu_607_p2                 |   icmp   |      0|  0|   9|          25|          25|
    |tmp_8_fu_736_p2                 |   icmp   |      0|  0|   9|          27|          27|
    |tmp_fu_543_p2                   |   icmp   |      0|  0|   9|          27|          27|
    |i1_mid2_fu_623_p3               |  select  |      0|  0|  24|           1|          24|
    |i7_mid2_fu_801_p3               |  select  |      0|  0|  27|           1|          27|
    |i_9_fu_520_p3                   |  select  |      0|  0|  32|           1|          32|
    |p_v_v_fu_472_p3                 |  select  |      0|  0|  27|           1|          27|
    |smax_fu_763_p3                  |  select  |      0|  0|  27|           1|          27|
    |tmp_29_fu_484_p3                |  select  |      0|  0|  27|           1|          27|
    |tmp_34_fu_507_p3                |  select  |      0|  0|  32|           1|          32|
    +--------------------------------+----------+-------+---+----+------------+------------+
    |Total                           |          |      1|  0| 917|         784|         840|
    +--------------------------------+----------+-------+---+----+------------+------------+

    * Multiplexer: 
    +------------------------------------+-----+-----------+-----+-----------+
    |                Name                | LUT | Input Size| Bits| Total Bits|
    +------------------------------------+-----+-----------+-----+-----------+
    |A_BUS_ARADDR                        |   32|          4|   32|        128|
    |A_BUS_blk_n_AR                      |    1|          2|    1|          2|
    |A_BUS_blk_n_R                       |    1|          2|    1|          2|
    |PREF_WINDOW_blk_n_AR                |    1|          2|    1|          2|
    |PREF_WINDOW_blk_n_R                 |    1|          2|    1|          2|
    |ap_NS_fsm                           |  161|         73|    1|         73|
    |ap_sig_ioackin_A_BUS_ARREADY        |    1|          2|    1|          2|
    |ap_sig_ioackin_PREF_WINDOW_ARREADY  |    1|          2|    1|          2|
    |buff_address0                       |   28|         10|   14|        140|
    |buff_d0                             |   32|          6|   32|        192|
    |cum_offs_reg_252                    |   32|          2|   32|         64|
    |i1_reg_275                          |   24|          2|   24|         48|
    |i3_reg_297                          |   25|          2|   25|         50|
    |i5_reg_317                          |   26|          2|   26|         52|
    |i7_reg_337                          |   27|          2|   27|         54|
    |i_reg_241                           |   26|          2|   26|         52|
    |indvar_flatten7_reg_326             |   33|          2|   33|         66|
    |indvar_flatten_reg_264              |   31|          2|   31|         62|
    |j2_reg_286                          |    6|          2|    6|         12|
    |j4_reg_306                          |    6|          2|    6|         12|
    +------------------------------------+-----+-----------+-----+-----------+
    |Total                               |  495|        125|  321|       1017|
    +------------------------------------+-----+-----------+-----+-----------+

    * Register: 
    +------------------------------------+----+----+-----+-----------+
    |                Name                | FF | LUT| Bits| Const Bits|
    +------------------------------------+----+----+-----+-----------+
    |A_BUS_addr_reg_930                  |  32|   0|   32|          0|
    |a1_reg_835                          |  29|   0|   29|          0|
    |a2_sum1_reg_920                     |  32|   0|   32|          0|
    |ap_CS_fsm                           |  72|   0|   72|          0|
    |ap_reg_ioackin_A_BUS_ARREADY        |   1|   0|    1|          0|
    |ap_reg_ioackin_PREF_WINDOW_ARREADY  |   1|   0|    1|          0|
    |bound5_reg_1039                     |  33|   0|   33|          0|
    |bound_reg_925                       |  31|   0|   31|          0|
    |buff_addr_1_reg_959                 |  14|   0|   14|          0|
    |buff_addr_2_reg_997                 |  14|   0|   14|          0|
    |buff_addr_3_reg_1024                |  14|   0|   14|          0|
    |buff_addr_4_reg_1052                |  14|   0|   14|          0|
    |cum_offs_reg_252                    |  32|   0|   32|          0|
    |i1_reg_275                          |  24|   0|   24|          0|
    |i3_reg_297                          |  25|   0|   25|          0|
    |i5_reg_317                          |  26|   0|   26|          0|
    |i7_reg_337                          |  27|   0|   27|          0|
    |i_1_reg_915                         |  26|   0|   26|          0|
    |i_2_reg_969                         |  25|   0|   26|          1|
    |i_3_reg_984                         |  27|   0|   27|          0|
    |i_4_reg_964                         |  24|   0|   24|          0|
    |i_5_reg_1002                        |  25|   0|   25|          0|
    |i_6_reg_1029                        |  26|   0|   26|          0|
    |i_7_reg_1057                        |  27|   0|   27|          0|
    |i_cast4_reg_906                     |  26|   0|   32|          6|
    |i_reg_241                           |  26|   0|   26|          0|
    |indvar_flatten7_reg_326             |  33|   0|   33|          0|
    |indvar_flatten_next8_reg_1047       |  33|   0|   33|          0|
    |indvar_flatten_next_reg_954         |  31|   0|   31|          0|
    |indvar_flatten_reg_264              |  31|   0|   31|          0|
    |j2_reg_286                          |   6|   0|    6|          0|
    |j4_reg_306                          |   6|   0|    6|          0|
    |j_1_reg_1011                        |   6|   0|    6|          0|
    |j_reg_979                           |   6|   0|    6|          0|
    |mul6_reg_865                        |  65|   0|   65|          0|
    |n3_reg_830                          |  30|   0|   30|          0|
    |reg_368                             |  32|   0|   32|          0|
    |sz_fu_162                           |  32|   0|   32|          0|
    |tmp_15_reg_936                      |  16|   0|   16|          0|
    |tmp_16_reg_941                      |  16|   0|   16|          0|
    |tmp_25_reg_881                      |  29|   0|   32|          3|
    |tmp_26_reg_857                      |   1|   0|    1|          0|
    |tmp_28_reg_870                      |  27|   0|   27|          0|
    |tmp_29_reg_887                      |  27|   0|   27|          0|
    |tmp_32_reg_876                      |  25|   0|   25|          0|
    |tmp_35_reg_892                      |  27|   0|   27|          0|
    |tmp_36_reg_897                      |  25|   0|   25|          0|
    |tmp_37_reg_1016                     |   1|   0|    1|          0|
    +------------------------------------+----+----+-----+-----------+
    |Total                               |1158|   0| 1168|         10|
    +------------------------------------+----+----+-----+-----------+



================================================================
== Interface
================================================================
* Summary: 
+----------------------------+-----+-----+------------+--------------------+--------------+
|          RTL Ports         | Dir | Bits|  Protocol  |    Source Object   |    C Type    |
+----------------------------+-----+-----+------------+--------------------+--------------+
|s_axi_CFG_AWVALID           |  in |    1|    s_axi   |         CFG        |    scalar    |
|s_axi_CFG_AWREADY           | out |    1|    s_axi   |         CFG        |    scalar    |
|s_axi_CFG_AWADDR            |  in |    5|    s_axi   |         CFG        |    scalar    |
|s_axi_CFG_WVALID            |  in |    1|    s_axi   |         CFG        |    scalar    |
|s_axi_CFG_WREADY            | out |    1|    s_axi   |         CFG        |    scalar    |
|s_axi_CFG_WDATA             |  in |   32|    s_axi   |         CFG        |    scalar    |
|s_axi_CFG_WSTRB             |  in |    4|    s_axi   |         CFG        |    scalar    |
|s_axi_CFG_ARVALID           |  in |    1|    s_axi   |         CFG        |    scalar    |
|s_axi_CFG_ARREADY           | out |    1|    s_axi   |         CFG        |    scalar    |
|s_axi_CFG_ARADDR            |  in |    5|    s_axi   |         CFG        |    scalar    |
|s_axi_CFG_RVALID            | out |    1|    s_axi   |         CFG        |    scalar    |
|s_axi_CFG_RREADY            |  in |    1|    s_axi   |         CFG        |    scalar    |
|s_axi_CFG_RDATA             | out |   32|    s_axi   |         CFG        |    scalar    |
|s_axi_CFG_RRESP             | out |    2|    s_axi   |         CFG        |    scalar    |
|s_axi_CFG_BVALID            | out |    1|    s_axi   |         CFG        |    scalar    |
|s_axi_CFG_BREADY            |  in |    1|    s_axi   |         CFG        |    scalar    |
|s_axi_CFG_BRESP             | out |    2|    s_axi   |         CFG        |    scalar    |
|ap_clk                      |  in |    1| ap_ctrl_hs | skipprefetch_Nelem | return value |
|ap_rst_n                    |  in |    1| ap_ctrl_hs | skipprefetch_Nelem | return value |
|interrupt                   | out |    1| ap_ctrl_hs | skipprefetch_Nelem | return value |
|m_axi_A_BUS_AWVALID         | out |    1|    m_axi   |        A_BUS       |    pointer   |
|m_axi_A_BUS_AWREADY         |  in |    1|    m_axi   |        A_BUS       |    pointer   |
|m_axi_A_BUS_AWADDR          | out |   32|    m_axi   |        A_BUS       |    pointer   |
|m_axi_A_BUS_AWID            | out |    1|    m_axi   |        A_BUS       |    pointer   |
|m_axi_A_BUS_AWLEN           | out |    8|    m_axi   |        A_BUS       |    pointer   |
|m_axi_A_BUS_AWSIZE          | out |    3|    m_axi   |        A_BUS       |    pointer   |
|m_axi_A_BUS_AWBURST         | out |    2|    m_axi   |        A_BUS       |    pointer   |
|m_axi_A_BUS_AWLOCK          | out |    2|    m_axi   |        A_BUS       |    pointer   |
|m_axi_A_BUS_AWCACHE         | out |    4|    m_axi   |        A_BUS       |    pointer   |
|m_axi_A_BUS_AWPROT          | out |    3|    m_axi   |        A_BUS       |    pointer   |
|m_axi_A_BUS_AWQOS           | out |    4|    m_axi   |        A_BUS       |    pointer   |
|m_axi_A_BUS_AWREGION        | out |    4|    m_axi   |        A_BUS       |    pointer   |
|m_axi_A_BUS_AWUSER          | out |    1|    m_axi   |        A_BUS       |    pointer   |
|m_axi_A_BUS_WVALID          | out |    1|    m_axi   |        A_BUS       |    pointer   |
|m_axi_A_BUS_WREADY          |  in |    1|    m_axi   |        A_BUS       |    pointer   |
|m_axi_A_BUS_WDATA           | out |   64|    m_axi   |        A_BUS       |    pointer   |
|m_axi_A_BUS_WSTRB           | out |    8|    m_axi   |        A_BUS       |    pointer   |
|m_axi_A_BUS_WLAST           | out |    1|    m_axi   |        A_BUS       |    pointer   |
|m_axi_A_BUS_WID             | out |    1|    m_axi   |        A_BUS       |    pointer   |
|m_axi_A_BUS_WUSER           | out |    1|    m_axi   |        A_BUS       |    pointer   |
|m_axi_A_BUS_ARVALID         | out |    1|    m_axi   |        A_BUS       |    pointer   |
|m_axi_A_BUS_ARREADY         |  in |    1|    m_axi   |        A_BUS       |    pointer   |
|m_axi_A_BUS_ARADDR          | out |   32|    m_axi   |        A_BUS       |    pointer   |
|m_axi_A_BUS_ARID            | out |    1|    m_axi   |        A_BUS       |    pointer   |
|m_axi_A_BUS_ARLEN           | out |    8|    m_axi   |        A_BUS       |    pointer   |
|m_axi_A_BUS_ARSIZE          | out |    3|    m_axi   |        A_BUS       |    pointer   |
|m_axi_A_BUS_ARBURST         | out |    2|    m_axi   |        A_BUS       |    pointer   |
|m_axi_A_BUS_ARLOCK          | out |    2|    m_axi   |        A_BUS       |    pointer   |
|m_axi_A_BUS_ARCACHE         | out |    4|    m_axi   |        A_BUS       |    pointer   |
|m_axi_A_BUS_ARPROT          | out |    3|    m_axi   |        A_BUS       |    pointer   |
|m_axi_A_BUS_ARQOS           | out |    4|    m_axi   |        A_BUS       |    pointer   |
|m_axi_A_BUS_ARREGION        | out |    4|    m_axi   |        A_BUS       |    pointer   |
|m_axi_A_BUS_ARUSER          | out |    1|    m_axi   |        A_BUS       |    pointer   |
|m_axi_A_BUS_RVALID          |  in |    1|    m_axi   |        A_BUS       |    pointer   |
|m_axi_A_BUS_RREADY          | out |    1|    m_axi   |        A_BUS       |    pointer   |
|m_axi_A_BUS_RDATA           |  in |   64|    m_axi   |        A_BUS       |    pointer   |
|m_axi_A_BUS_RLAST           |  in |    1|    m_axi   |        A_BUS       |    pointer   |
|m_axi_A_BUS_RID             |  in |    1|    m_axi   |        A_BUS       |    pointer   |
|m_axi_A_BUS_RUSER           |  in |    1|    m_axi   |        A_BUS       |    pointer   |
|m_axi_A_BUS_RRESP           |  in |    2|    m_axi   |        A_BUS       |    pointer   |
|m_axi_A_BUS_BVALID          |  in |    1|    m_axi   |        A_BUS       |    pointer   |
|m_axi_A_BUS_BREADY          | out |    1|    m_axi   |        A_BUS       |    pointer   |
|m_axi_A_BUS_BRESP           |  in |    2|    m_axi   |        A_BUS       |    pointer   |
|m_axi_A_BUS_BID             |  in |    1|    m_axi   |        A_BUS       |    pointer   |
|m_axi_A_BUS_BUSER           |  in |    1|    m_axi   |        A_BUS       |    pointer   |
|m_axi_PREF_WINDOW_AWVALID   | out |    1|    m_axi   |     PREF_WINDOW    |    pointer   |
|m_axi_PREF_WINDOW_AWREADY   |  in |    1|    m_axi   |     PREF_WINDOW    |    pointer   |
|m_axi_PREF_WINDOW_AWADDR    | out |   32|    m_axi   |     PREF_WINDOW    |    pointer   |
|m_axi_PREF_WINDOW_AWID      | out |    1|    m_axi   |     PREF_WINDOW    |    pointer   |
|m_axi_PREF_WINDOW_AWLEN     | out |    8|    m_axi   |     PREF_WINDOW    |    pointer   |
|m_axi_PREF_WINDOW_AWSIZE    | out |    3|    m_axi   |     PREF_WINDOW    |    pointer   |
|m_axi_PREF_WINDOW_AWBURST   | out |    2|    m_axi   |     PREF_WINDOW    |    pointer   |
|m_axi_PREF_WINDOW_AWLOCK    | out |    2|    m_axi   |     PREF_WINDOW    |    pointer   |
|m_axi_PREF_WINDOW_AWCACHE   | out |    4|    m_axi   |     PREF_WINDOW    |    pointer   |
|m_axi_PREF_WINDOW_AWPROT    | out |    3|    m_axi   |     PREF_WINDOW    |    pointer   |
|m_axi_PREF_WINDOW_AWQOS     | out |    4|    m_axi   |     PREF_WINDOW    |    pointer   |
|m_axi_PREF_WINDOW_AWREGION  | out |    4|    m_axi   |     PREF_WINDOW    |    pointer   |
|m_axi_PREF_WINDOW_AWUSER    | out |    1|    m_axi   |     PREF_WINDOW    |    pointer   |
|m_axi_PREF_WINDOW_WVALID    | out |    1|    m_axi   |     PREF_WINDOW    |    pointer   |
|m_axi_PREF_WINDOW_WREADY    |  in |    1|    m_axi   |     PREF_WINDOW    |    pointer   |
|m_axi_PREF_WINDOW_WDATA     | out |   32|    m_axi   |     PREF_WINDOW    |    pointer   |
|m_axi_PREF_WINDOW_WSTRB     | out |    4|    m_axi   |     PREF_WINDOW    |    pointer   |
|m_axi_PREF_WINDOW_WLAST     | out |    1|    m_axi   |     PREF_WINDOW    |    pointer   |
|m_axi_PREF_WINDOW_WID       | out |    1|    m_axi   |     PREF_WINDOW    |    pointer   |
|m_axi_PREF_WINDOW_WUSER     | out |    1|    m_axi   |     PREF_WINDOW    |    pointer   |
|m_axi_PREF_WINDOW_ARVALID   | out |    1|    m_axi   |     PREF_WINDOW    |    pointer   |
|m_axi_PREF_WINDOW_ARREADY   |  in |    1|    m_axi   |     PREF_WINDOW    |    pointer   |
|m_axi_PREF_WINDOW_ARADDR    | out |   32|    m_axi   |     PREF_WINDOW    |    pointer   |
|m_axi_PREF_WINDOW_ARID      | out |    1|    m_axi   |     PREF_WINDOW    |    pointer   |
|m_axi_PREF_WINDOW_ARLEN     | out |    8|    m_axi   |     PREF_WINDOW    |    pointer   |
|m_axi_PREF_WINDOW_ARSIZE    | out |    3|    m_axi   |     PREF_WINDOW    |    pointer   |
|m_axi_PREF_WINDOW_ARBURST   | out |    2|    m_axi   |     PREF_WINDOW    |    pointer   |
|m_axi_PREF_WINDOW_ARLOCK    | out |    2|    m_axi   |     PREF_WINDOW    |    pointer   |
|m_axi_PREF_WINDOW_ARCACHE   | out |    4|    m_axi   |     PREF_WINDOW    |    pointer   |
|m_axi_PREF_WINDOW_ARPROT    | out |    3|    m_axi   |     PREF_WINDOW    |    pointer   |
|m_axi_PREF_WINDOW_ARQOS     | out |    4|    m_axi   |     PREF_WINDOW    |    pointer   |
|m_axi_PREF_WINDOW_ARREGION  | out |    4|    m_axi   |     PREF_WINDOW    |    pointer   |
|m_axi_PREF_WINDOW_ARUSER    | out |    1|    m_axi   |     PREF_WINDOW    |    pointer   |
|m_axi_PREF_WINDOW_RVALID    |  in |    1|    m_axi   |     PREF_WINDOW    |    pointer   |
|m_axi_PREF_WINDOW_RREADY    | out |    1|    m_axi   |     PREF_WINDOW    |    pointer   |
|m_axi_PREF_WINDOW_RDATA     |  in |   32|    m_axi   |     PREF_WINDOW    |    pointer   |
|m_axi_PREF_WINDOW_RLAST     |  in |    1|    m_axi   |     PREF_WINDOW    |    pointer   |
|m_axi_PREF_WINDOW_RID       |  in |    1|    m_axi   |     PREF_WINDOW    |    pointer   |
|m_axi_PREF_WINDOW_RUSER     |  in |    1|    m_axi   |     PREF_WINDOW    |    pointer   |
|m_axi_PREF_WINDOW_RRESP     |  in |    2|    m_axi   |     PREF_WINDOW    |    pointer   |
|m_axi_PREF_WINDOW_BVALID    |  in |    1|    m_axi   |     PREF_WINDOW    |    pointer   |
|m_axi_PREF_WINDOW_BREADY    | out |    1|    m_axi   |     PREF_WINDOW    |    pointer   |
|m_axi_PREF_WINDOW_BRESP     |  in |    2|    m_axi   |     PREF_WINDOW    |    pointer   |
|m_axi_PREF_WINDOW_BID       |  in |    1|    m_axi   |     PREF_WINDOW    |    pointer   |
|m_axi_PREF_WINDOW_BUSER     |  in |    1|    m_axi   |     PREF_WINDOW    |    pointer   |
+----------------------------+-----+-----+------------+--------------------+--------------+

