#-----------------------------------------------------------
# Webtalk v2016.3 (64-bit)
# SW Build 1682563 on Mon Oct 10 19:07:27 MDT 2016
# IP Build 1681267 on Mon Oct 10 21:28:31 MDT 2016
# Start of session at: Wed Apr 08 13:22:35 2020
# Process ID: 4448
# Current directory: A:/COMP_ARCH/PYNQ_Projects/HLS_proj/proj_7_prefetch_log/prefetch_log/solution1/sim/verilog
# Command line: wbtcv.exe -mode batch -source A:/COMP_ARCH/PYNQ_Projects/HLS_proj/proj_7_prefetch_log/prefetch_log/solution1/sim/verilog/xsim.dir/fetch_log/webtalk/xsim_webtalk.tcl -notrace
# Log file: A:/COMP_ARCH/PYNQ_Projects/HLS_proj/proj_7_prefetch_log/prefetch_log/solution1/sim/verilog/webtalk.log
# Journal file: A:/COMP_ARCH/PYNQ_Projects/HLS_proj/proj_7_prefetch_log/prefetch_log/solution1/sim/verilog\webtalk.jou
#-----------------------------------------------------------
source A:/COMP_ARCH/PYNQ_Projects/HLS_proj/proj_7_prefetch_log/prefetch_log/solution1/sim/verilog/xsim.dir/fetch_log/webtalk/xsim_webtalk.tcl -notrace
