

================================================================
== Vivado HLS Report for 'add'
================================================================
* Date:           Wed Apr 08 12:09:25 2020

* Version:        2016.3 (Build 1682563 on Mon Oct 10 19:41:59 MDT 2016)
* Project:        add_example
* Solution:       solution1
* Product family: zynq
* Target device:  xc7z020clg400-1


================================================================
== Performance Estimates
================================================================
+ Timing (ns): 
    * Summary: 
    +--------+-------+----------+------------+
    |  Clock | Target| Estimated| Uncertainty|
    +--------+-------+----------+------------+
    |ap_clk  |  10.00|      8.75|        1.25|
    +--------+-------+----------+------------+

+ Latency (clock cycles): 
    * Summary: 
    +-----+-----+-----+-----+---------+
    |  Latency  |  Interval | Pipeline|
    | min | max | min | max |   Type  |
    +-----+-----+-----+-----+---------+
    |   21|   21|   22|   22|   none  |
    +-----+-----+-----+-----+---------+

    + Detail: 
        * Instance: 
        N/A

        * Loop: 
        +----------+-----+-----+----------+-----------+-----------+------+----------+
        |          |  Latency  | Iteration|  Initiation Interval  | Trip |          |
        | Loop Name| min | max |  Latency |  achieved |   target  | Count| Pipelined|
        +----------+-----+-----+----------+-----------+-----------+------+----------+
        |- Loop 1  |   20|   20|        10|          -|          -|     2|    no    |
        +----------+-----+-----+----------+-----------+-----------+------+----------+



================================================================
== Utilization Estimates
================================================================
* Summary: 
+-----------------+---------+-------+--------+-------+
|       Name      | BRAM_18K| DSP48E|   FF   |  LUT  |
+-----------------+---------+-------+--------+-------+
|DSP              |        -|      -|       -|      -|
|Expression       |        -|      -|       0|    143|
|FIFO             |        -|      -|       -|      -|
|Instance         |        2|      -|     618|    748|
|Memory           |        -|      -|       -|      -|
|Multiplexer      |        -|      -|       -|     57|
|Register         |        -|      -|     170|      -|
+-----------------+---------+-------+--------+-------+
|Total            |        2|      0|     788|    948|
+-----------------+---------+-------+--------+-------+
|Available        |      280|    220|  106400|  53200|
+-----------------+---------+-------+--------+-------+
|Utilization (%)  |    ~0   |      0|   ~0   |      1|
+-----------------+---------+-------+--------+-------+

+ Detail: 
    * Instance: 
    +----------------------+--------------------+---------+-------+-----+-----+
    |       Instance       |       Module       | BRAM_18K| DSP48E|  FF | LUT |
    +----------------------+--------------------+---------+-------+-----+-----+
    |add_AXILiteS_s_axi_U  |add_AXILiteS_s_axi  |        0|      0|  106|  168|
    |add_A_BUS_m_axi_U     |add_A_BUS_m_axi     |        2|      0|  512|  580|
    +----------------------+--------------------+---------+-------+-----+-----+
    |Total                 |                    |        2|      0|  618|  748|
    +----------------------+--------------------+---------+-------+-----+-----+

    * DSP48: 
    N/A

    * Memory: 
    N/A

    * FIFO: 
    N/A

    * Expression: 
    +-----------------------+----------+-------+---+----+------------+------------+
    |     Variable Name     | Operation| DSP48E| FF| LUT| Bitwidth P0| Bitwidth P1|
    +-----------------------+----------+-------+---+----+------------+------------+
    |a2_sum_fu_131_p2       |     +    |      0|  0|  31|          31|          31|
    |i_1_1_fu_142_p2        |     +    |      0|  0|  16|          16|          15|
    |ret_val_2_2_fu_158_p2  |     +    |      0|  0|  32|          32|           4|
    |tmp_1_2_fu_136_p2      |   icmp   |      0|  0|   6|          16|           1|
    |tmp_fu_115_p2          |   icmp   |      0|  0|   6|          16|          12|
    |i_1_s_fu_121_p2        |    or    |      0|  0|  20|          16|           5|
    |ret_val_1_2_fu_163_p3  |  select  |      0|  0|  32|           1|          32|
    +-----------------------+----------+-------+---+----+------------+------------+
    |Total                  |          |      0|  0| 143|         128|         100|
    +-----------------------+----------+-------+---+----+------------+------------+

    * Multiplexer: 
    +------------------------------+----+-----------+-----+-----------+
    |             Name             | LUT| Input Size| Bits| Total Bits|
    +------------------------------+----+-----------+-----+-----------+
    |A_BUS_blk_n_AR                |   1|          2|    1|          2|
    |A_BUS_blk_n_R                 |   1|          2|    1|          2|
    |ap_NS_fsm                     |   6|         12|    1|         12|
    |ap_sig_ioackin_A_BUS_ARREADY  |   1|          2|    1|          2|
    |i_reg_90                      |  16|          2|   16|         32|
    |ret_val_reg_78                |  32|          2|   32|         64|
    +------------------------------+----+-----------+-----+-----------+
    |Total                         |  57|         22|   52|        114|
    +------------------------------+----+-----------+-----+-----------+

    * Register: 
    +------------------------------+----+----+-----+-----------+
    |             Name             | FF | LUT| Bits| Const Bits|
    +------------------------------+----+----+-----+-----------+
    |A_BUS_addr_read_reg_199       |  32|   0|   32|          0|
    |a2_sum_reg_178                |  31|   0|   31|          0|
    |ap_CS_fsm                     |  11|   0|   11|          0|
    |ap_reg_ioackin_A_BUS_ARREADY  |   1|   0|    1|          0|
    |i_1_1_reg_188                 |  16|   0|   16|          0|
    |i_reg_90                      |  16|   0|   16|          0|
    |ret_val_reg_78                |  32|   0|   32|          0|
    |tmp_1_2_reg_183               |   1|   0|    1|          0|
    |tmp_1_cast_reg_170            |  30|   0|   31|          1|
    +------------------------------+----+----+-----+-----------+
    |Total                         | 170|   0|  171|          1|
    +------------------------------+----+----+-----+-----------+



================================================================
== Interface
================================================================
* Summary: 
+------------------------+-----+-----+------------+--------------+--------------+
|        RTL Ports       | Dir | Bits|  Protocol  | Source Object|    C Type    |
+------------------------+-----+-----+------------+--------------+--------------+
|s_axi_AXILiteS_AWVALID  |  in |    1|    s_axi   |   AXILiteS   |    scalar    |
|s_axi_AXILiteS_AWREADY  | out |    1|    s_axi   |   AXILiteS   |    scalar    |
|s_axi_AXILiteS_AWADDR   |  in |    5|    s_axi   |   AXILiteS   |    scalar    |
|s_axi_AXILiteS_WVALID   |  in |    1|    s_axi   |   AXILiteS   |    scalar    |
|s_axi_AXILiteS_WREADY   | out |    1|    s_axi   |   AXILiteS   |    scalar    |
|s_axi_AXILiteS_WDATA    |  in |   32|    s_axi   |   AXILiteS   |    scalar    |
|s_axi_AXILiteS_WSTRB    |  in |    4|    s_axi   |   AXILiteS   |    scalar    |
|s_axi_AXILiteS_ARVALID  |  in |    1|    s_axi   |   AXILiteS   |    scalar    |
|s_axi_AXILiteS_ARREADY  | out |    1|    s_axi   |   AXILiteS   |    scalar    |
|s_axi_AXILiteS_ARADDR   |  in |    5|    s_axi   |   AXILiteS   |    scalar    |
|s_axi_AXILiteS_RVALID   | out |    1|    s_axi   |   AXILiteS   |    scalar    |
|s_axi_AXILiteS_RREADY   |  in |    1|    s_axi   |   AXILiteS   |    scalar    |
|s_axi_AXILiteS_RDATA    | out |   32|    s_axi   |   AXILiteS   |    scalar    |
|s_axi_AXILiteS_RRESP    | out |    2|    s_axi   |   AXILiteS   |    scalar    |
|s_axi_AXILiteS_BVALID   | out |    1|    s_axi   |   AXILiteS   |    scalar    |
|s_axi_AXILiteS_BREADY   |  in |    1|    s_axi   |   AXILiteS   |    scalar    |
|s_axi_AXILiteS_BRESP    | out |    2|    s_axi   |   AXILiteS   |    scalar    |
|ap_clk                  |  in |    1| ap_ctrl_hs |      add     | return value |
|ap_rst_n                |  in |    1| ap_ctrl_hs |      add     | return value |
|interrupt               | out |    1| ap_ctrl_hs |      add     | return value |
|m_axi_A_BUS_AWVALID     | out |    1|    m_axi   |     A_BUS    |    pointer   |
|m_axi_A_BUS_AWREADY     |  in |    1|    m_axi   |     A_BUS    |    pointer   |
|m_axi_A_BUS_AWADDR      | out |   32|    m_axi   |     A_BUS    |    pointer   |
|m_axi_A_BUS_AWID        | out |    1|    m_axi   |     A_BUS    |    pointer   |
|m_axi_A_BUS_AWLEN       | out |    8|    m_axi   |     A_BUS    |    pointer   |
|m_axi_A_BUS_AWSIZE      | out |    3|    m_axi   |     A_BUS    |    pointer   |
|m_axi_A_BUS_AWBURST     | out |    2|    m_axi   |     A_BUS    |    pointer   |
|m_axi_A_BUS_AWLOCK      | out |    2|    m_axi   |     A_BUS    |    pointer   |
|m_axi_A_BUS_AWCACHE     | out |    4|    m_axi   |     A_BUS    |    pointer   |
|m_axi_A_BUS_AWPROT      | out |    3|    m_axi   |     A_BUS    |    pointer   |
|m_axi_A_BUS_AWQOS       | out |    4|    m_axi   |     A_BUS    |    pointer   |
|m_axi_A_BUS_AWREGION    | out |    4|    m_axi   |     A_BUS    |    pointer   |
|m_axi_A_BUS_AWUSER      | out |    1|    m_axi   |     A_BUS    |    pointer   |
|m_axi_A_BUS_WVALID      | out |    1|    m_axi   |     A_BUS    |    pointer   |
|m_axi_A_BUS_WREADY      |  in |    1|    m_axi   |     A_BUS    |    pointer   |
|m_axi_A_BUS_WDATA       | out |   32|    m_axi   |     A_BUS    |    pointer   |
|m_axi_A_BUS_WSTRB       | out |    4|    m_axi   |     A_BUS    |    pointer   |
|m_axi_A_BUS_WLAST       | out |    1|    m_axi   |     A_BUS    |    pointer   |
|m_axi_A_BUS_WID         | out |    1|    m_axi   |     A_BUS    |    pointer   |
|m_axi_A_BUS_WUSER       | out |    1|    m_axi   |     A_BUS    |    pointer   |
|m_axi_A_BUS_ARVALID     | out |    1|    m_axi   |     A_BUS    |    pointer   |
|m_axi_A_BUS_ARREADY     |  in |    1|    m_axi   |     A_BUS    |    pointer   |
|m_axi_A_BUS_ARADDR      | out |   32|    m_axi   |     A_BUS    |    pointer   |
|m_axi_A_BUS_ARID        | out |    1|    m_axi   |     A_BUS    |    pointer   |
|m_axi_A_BUS_ARLEN       | out |    8|    m_axi   |     A_BUS    |    pointer   |
|m_axi_A_BUS_ARSIZE      | out |    3|    m_axi   |     A_BUS    |    pointer   |
|m_axi_A_BUS_ARBURST     | out |    2|    m_axi   |     A_BUS    |    pointer   |
|m_axi_A_BUS_ARLOCK      | out |    2|    m_axi   |     A_BUS    |    pointer   |
|m_axi_A_BUS_ARCACHE     | out |    4|    m_axi   |     A_BUS    |    pointer   |
|m_axi_A_BUS_ARPROT      | out |    3|    m_axi   |     A_BUS    |    pointer   |
|m_axi_A_BUS_ARQOS       | out |    4|    m_axi   |     A_BUS    |    pointer   |
|m_axi_A_BUS_ARREGION    | out |    4|    m_axi   |     A_BUS    |    pointer   |
|m_axi_A_BUS_ARUSER      | out |    1|    m_axi   |     A_BUS    |    pointer   |
|m_axi_A_BUS_RVALID      |  in |    1|    m_axi   |     A_BUS    |    pointer   |
|m_axi_A_BUS_RREADY      | out |    1|    m_axi   |     A_BUS    |    pointer   |
|m_axi_A_BUS_RDATA       |  in |   32|    m_axi   |     A_BUS    |    pointer   |
|m_axi_A_BUS_RLAST       |  in |    1|    m_axi   |     A_BUS    |    pointer   |
|m_axi_A_BUS_RID         |  in |    1|    m_axi   |     A_BUS    |    pointer   |
|m_axi_A_BUS_RUSER       |  in |    1|    m_axi   |     A_BUS    |    pointer   |
|m_axi_A_BUS_RRESP       |  in |    2|    m_axi   |     A_BUS    |    pointer   |
|m_axi_A_BUS_BVALID      |  in |    1|    m_axi   |     A_BUS    |    pointer   |
|m_axi_A_BUS_BREADY      | out |    1|    m_axi   |     A_BUS    |    pointer   |
|m_axi_A_BUS_BRESP       |  in |    2|    m_axi   |     A_BUS    |    pointer   |
|m_axi_A_BUS_BID         |  in |    1|    m_axi   |     A_BUS    |    pointer   |
|m_axi_A_BUS_BUSER       |  in |    1|    m_axi   |     A_BUS    |    pointer   |
+------------------------+-----+-----+------------+--------------+--------------+

